 helloworld

 Timestamp is 56e25b8a (Fri Mar 11 14:45:46 2016)

 Preferred load address is 0000000180000000

 Start         Length     Name                   Class
 0001:00000000 000001dbH .text                   CODE
 0001:000001e0 000099a7H .text$mn                CODE
 0001:00009b90 00000012H .text$mn$00             CODE
 0001:00009bb0 00000260H .text$x                 CODE
 0002:00000000 00000238H .idata$5                DATA
 0002:00000238 00000010H .00cfg                  DATA
 0002:00000248 00000008H .CRT$XCA                DATA
 0002:00000250 00000008H .CRT$XCU                DATA
 0002:00000258 00000008H .CRT$XCZ                DATA
 0002:00000260 00000008H .CRT$XIA                DATA
 0002:00000268 00000018H .CRT$XIC                DATA
 0002:00000280 00000008H .CRT$XIZ                DATA
 0002:00000288 00000008H .CRT$XPA                DATA
 0002:00000290 00000010H .CRT$XPX                DATA
 0002:000002a0 00000008H .CRT$XPXA               DATA
 0002:000002a8 00000008H .CRT$XPZ                DATA
 0002:000002b0 00000008H .CRT$XTA                DATA
 0002:000002b8 00000008H .CRT$XTZ                DATA
 0002:000002c0 00000000H .gfids$x                DATA
 0002:000002c0 000070d4H .rdata                  DATA
 0002:00007398 00000000H .rdata$r                DATA
 0002:00007398 00000010H .rdata$zETW0            DATA
 0002:000073a8 00000077H .rdata$zETW1            DATA
 0002:0000741f 0000002cH .rdata$zETW2            DATA
 0002:0000744b 00000001H .rdata$zETW9            DATA
 0002:0000744c 00000404H .rdata$zzzdbg           DATA
 0002:00007850 00000008H .rtc$IAA                DATA
 0002:00007858 00000008H .rtc$IZZ                DATA
 0002:00007860 00000008H .rtc$TAA                DATA
 0002:00007868 00000008H .rtc$TZZ                DATA
 0002:00007870 00000994H .xdata                  DATA
 0002:00008204 00000020H .didat$2                DATA
 0002:00008224 00000020H .didat$3                DATA
 0002:00008248 00000050H .didat$4                DATA
 0002:00008298 00000252H .didat$6                DATA
 0002:000084f0 00000050H .didat$7                DATA
 0002:00008540 0000005aH .edata                  DATA
 0002:0000859c 00000028H .idata$2                DATA
 0002:000085c4 00000014H .idata$3                DATA
 0002:000085d8 00000238H .idata$4                DATA
 0002:00008810 0000052cH .idata$6                DATA
 0003:00000000 00000978H .data                   DATA
 0003:00000978 00000000H .data$r                 DATA
 0003:00000978 00000050H .didat$5                DATA
 0003:000009d0 000010e8H .bss                    DATA
 0004:00000000 00000cb4H .pdata                  DATA
 0005:00000000 00000058H .rsrc$01                DATA
 0005:00000060 00000180H .rsrc$02                DATA

  Address         Publics by Value              Rva+Base               Lib:Object

 0000:00000000       __guard_fids_count         0000000000000000     <absolute>
 0000:00000000       ___safe_se_handler_count   0000000000000000     <absolute>
 0000:00000000       ___safe_se_handler_table   0000000000000000     <absolute>
 0000:00000000       __guard_fids_table         0000000000000000     <absolute>
 0000:00000100       __guard_flags              0000000000000100     <absolute>
 0000:00000000       __ImageBase                0000000180000000     <linker-defined>
 0001:00000000       ?TraceLoggingRegister@__vcrt_trace_logging_provider@@YAJPEBU_TlgProvider_t@1@PEBU_GUID@@P6AX1KE_K2PEAU_EVENT_FILTER_DESCRIPTOR@@PEAX@Z4@Z 0000000180001000 f i libvcruntime:telemetry.obj
 0001:0000007c       ?_TlgEnableCallback@__vcrt_trace_logging_provider@@YAXPEBU_GUID@@KE_K1PEAU_EVENT_FILTER_DESCRIPTOR@@PEAX@Z 000000018000107c f i libvcruntime:telemetry.obj
 0001:00000140       ?_TlgWrite@__vcrt_trace_logging_provider@@YAJPEBU_TlgProvider_t@1@PEFBXPEBU_GUID@@2IPEAU_EVENT_DATA_DESCRIPTOR@@@Z 0000000180001140 f i libvcruntime:telemetry.obj
 0001:000001e0       ?HelloFunction@@YAXAEBV?$FunctionCallbackInfo@VValue@v8@@@v8@@@Z 00000001800011e0 f   helloworld.obj
 0001:00000230       ?init@@YAXV?$Local@VObject@v8@@@v8@@@Z 0000000180001230 f   helloworld.obj
 0001:00000260       ??$NODE_SET_METHOD@V?$Local@VObject@v8@@@v8@@@node@@YAXAEBV?$Local@VObject@v8@@@v8@@PEBDP6AXAEBV?$FunctionCallbackInfo@VValue@v8@@@2@@Z@Z 0000000180001260 f i helloworld.obj
 0001:0000036c       __imp_load_?GetCurrent@Isolate@v8@@SAPEAV12@XZ 000000018000136c f   node:node.exe
 0001:00000378       __tailMerge_node_exe       0000000180001378 f i node:node.exe
 0001:000003f1       __imp_load_??1HandleScope@v8@@QEAA@XZ 00000001800013f1 f   node:node.exe
 0001:000003fd       __imp_load_??0HandleScope@v8@@QEAA@PEAVIsolate@1@@Z 00000001800013fd f   node:node.exe
 0001:00000409       __imp_load_?GetFunction@FunctionTemplate@v8@@QEAA?AV?$Local@VFunction@v8@@@2@XZ 0000000180001409 f   node:node.exe
 0001:00000415       __imp_load_?New@FunctionTemplate@v8@@SA?AV?$Local@VFunctionTemplate@v8@@@2@PEAVIsolate@2@P6AXAEBV?$FunctionCallbackInfo@VValue@v8@@@2@@ZV?$Local@VValue@v8@@@2@V?$Local@VSignature@v8@@@2@H@Z 0000000180001415 f   node:node.exe
 0001:00000421       __imp_load_?NewFromUtf8@String@v8@@SA?AV?$Local@VString@v8@@@2@PEAVIsolate@2@PEBDW4NewStringType@12@H@Z 0000000180001421 f   node:node.exe
 0001:0000042d       __imp_load_?Set@Object@v8@@QEAA_NV?$Local@VValue@v8@@@2@0@Z 000000018000142d f   node:node.exe
 0001:00000439       __imp_load_?SetName@Function@v8@@QEAAXV?$Local@VString@v8@@@2@@Z 0000000180001439 f   node:node.exe
 0001:00000445       __imp_load_node_module_register 0000000180001445 f   node:node.exe
 0001:00000470       __security_check_cookie    0000000180001470 f   LIBCMT:_amdsecgs_.obj
 0001:000007f0       _DllMainCRTStartup         00000001800017f0 f   LIBCMT:dll_dllmain.obj
 0001:00000830       __raise_securityfailure    0000000180001830 f   LIBCMT:gs_report.obj
 0001:00000864       __report_gsfailure         0000000180001864 f   LIBCMT:gs_report.obj
 0001:000009ac       __scrt_acquire_startup_lock 00000001800019ac f   LIBCMT:utility.obj
 0001:000009e8       __scrt_dllmain_after_initialize_c 00000001800019e8 f   LIBCMT:utility.obj
 0001:00000a08       __scrt_dllmain_before_initialize_c 0000000180001a08 f   LIBCMT:utility.obj
 0001:00000a20       __scrt_dllmain_crt_thread_attach 0000000180001a20 f   LIBCMT:utility.obj
 0001:00000a48       __scrt_dllmain_crt_thread_detach 0000000180001a48 f   LIBCMT:utility.obj
 0001:00000a60       __scrt_dllmain_exception_filter 0000000180001a60 f   LIBCMT:utility.obj
 0001:00000ac4       __scrt_dllmain_uninitialize_c 0000000180001ac4 f   LIBCMT:utility.obj
 0001:00000af4       __scrt_dllmain_uninitialize_critical 0000000180001af4 f   LIBCMT:utility.obj
 0001:00000b08       __scrt_initialize_crt      0000000180001b08 f   LIBCMT:utility.obj
 0001:00000b54       __scrt_initialize_onexit_tables 0000000180001b54 f   LIBCMT:utility.obj
 0001:00000c20       __scrt_is_nonwritable_in_current_image 0000000180001c20 f   LIBCMT:utility.obj
 0001:00000cbc       __scrt_release_startup_lock 0000000180001cbc f   LIBCMT:utility.obj
 0001:00000ce0       __scrt_uninitialize_crt    0000000180001ce0 f   LIBCMT:utility.obj
 0001:00000d0c       _onexit                    0000000180001d0c f   LIBCMT:utility.obj
 0001:00000d5c       atexit                     0000000180001d5c f   LIBCMT:utility.obj
 0001:00000d74       __security_init_cookie     0000000180001d74 f   LIBCMT:gs_support.obj
 0001:00000e20       DllMain                    0000000180001e20 f   LIBCMT:dll_dllmain_stub.obj
 0001:00000e28       ?__scrt_initialize_type_info@@YAXXZ 0000000180001e28 f   LIBCMT:tncleanup.obj
 0001:00000e38       ?__scrt_uninitialize_type_info@@YAXXZ 0000000180001e38 f   LIBCMT:tncleanup.obj
 0001:00000e44       __local_stdio_printf_options 0000000180001e44 f i LIBCMT:default_local_stdio_options.obj
 0001:00000e4c       __local_stdio_scanf_options 0000000180001e4c f i LIBCMT:default_local_stdio_options.obj
 0001:00000e54       __scrt_initialize_default_local_stdio_options 0000000180001e54 f   LIBCMT:default_local_stdio_options.obj
 0001:00000e70       __scrt_get_dyn_tls_init_callback 0000000180001e70 f   LIBCMT:dyn_tls_init.obj
 0001:00000e78       __crt_debugger_hook        0000000180001e78 f   LIBCMT:utility_desktop.obj
 0001:00000e80       __scrt_fastfail            0000000180001e80 f   LIBCMT:utility_desktop.obj
 0001:00000fc8       _RTC_Initialize            0000000180001fc8 f   LIBCMT:_initsect_.obj
 0001:00001014       _RTC_Terminate             0000000180002014 f   LIBCMT:_initsect_.obj
 0001:00001060       _guard_check_icall         0000000180002060 f i LIBCMT:checkcfg.obj
 0001:00001068       __isa_available_init       0000000180002068 f   LIBCMT:_cpu_disp_.obj
 0001:0000122c       __scrt_is_ucrt_dll_in_use  000000018000222c f   LIBCMT:ucrt_detection.obj
 0001:00001238       _guard_check_icall_nop     0000000180002238 f i LIBCMT:guard_support.obj
 0001:00001238       __except_validate_context_record 0000000180002238 f i libvcruntime:jbcxrval.obj
 0001:00001244       __telemetry_main_invoke_trigger 0000000180002244 f   libvcruntime:telemetry.obj
 0001:0000135c       __telemetry_main_return_trigger 000000018000235c f   libvcruntime:telemetry.obj
 0001:00001474       __vcrt_initialize_telemetry_provider 0000000180002474 f   libvcruntime:telemetry.obj
 0001:00001488       __vcrt_uninitialize_telemetry_provider 0000000180002488 f   libvcruntime:telemetry.obj
 0001:000014a8       __C_specific_handler       00000001800024a8 f   libvcruntime:_chandler_.obj
 0001:00001698       __vcrt_initialize          0000000180002698 f   libvcruntime:initialization.obj
 0001:000016d0       __vcrt_thread_attach       00000001800026d0 f   libvcruntime:initialization.obj
 0001:000016e4       __vcrt_thread_detach       00000001800026e4 f   libvcruntime:initialization.obj
 0001:000016f8       __vcrt_uninitialize        00000001800026f8 f   libvcruntime:initialization.obj
 0001:00001724       __vcrt_uninitialize_critical 0000000180002724 f   libvcruntime:initialization.obj
 0001:00001734       __std_type_info_destroy_list 0000000180002734 f   libvcruntime:std_type_info.obj
 0001:00001770       memset                     0000000180002770 f   libvcruntime:memset.obj
 0001:00001ad8       __vcrt_EventRegister       0000000180002ad8 f   libvcruntime:winapi_downlevel.obj
 0001:00001b5c       __vcrt_EventSetInformation 0000000180002b5c f   libvcruntime:winapi_downlevel.obj
 0001:00001be0       __vcrt_EventUnregister     0000000180002be0 f   libvcruntime:winapi_downlevel.obj
 0001:00001c34       __vcrt_EventWriteTransfer  0000000180002c34 f   libvcruntime:winapi_downlevel.obj
 0001:00001ccc       __vcrt_FlsAlloc            0000000180002ccc f   libvcruntime:winapi_downlevel.obj
 0001:00001d20       __vcrt_FlsFree             0000000180002d20 f   libvcruntime:winapi_downlevel.obj
 0001:00001d74       __vcrt_FlsGetValue         0000000180002d74 f   libvcruntime:winapi_downlevel.obj
 0001:00001dc8       __vcrt_FlsSetValue         0000000180002dc8 f   libvcruntime:winapi_downlevel.obj
 0001:00001e30       __vcrt_InitializeCriticalSectionEx 0000000180002e30 f   libvcruntime:winapi_downlevel.obj
 0001:00001ea8       __vcrt_initialize_winapi_thunks 0000000180002ea8 f   libvcruntime:winapi_downlevel.obj
 0001:00001ee0       __vcrt_uninitialize_winapi_thunks 0000000180002ee0 f   libvcruntime:winapi_downlevel.obj
 0001:00001f30       _local_unwind              0000000180002f30 f   libvcruntime:_jmpuwind_.obj
 0001:00001f60       _NLG_Notify                0000000180002f60 f   libvcruntime:_jmpuwind_.obj
 0001:00001f80       __NLG_Dispatch2            0000000180002f80 f   libvcruntime:_jmpuwind_.obj
 0001:00001f90       __NLG_Return2              0000000180002f90 f   libvcruntime:_jmpuwind_.obj
 0001:00001f94       __vcrt_freefls             0000000180002f94 f   libvcruntime:per_thread_data.obj
 0001:00001fb4       __vcrt_freeptd             0000000180002fb4 f   libvcruntime:per_thread_data.obj
 0001:00002004       __vcrt_getptd_noexit       0000000180003004 f   libvcruntime:per_thread_data.obj
 0001:000020ac       __vcrt_initialize_ptd      00000001800030ac f   libvcruntime:per_thread_data.obj
 0001:000020ec       __vcrt_uninitialize_ptd    00000001800030ec f   libvcruntime:per_thread_data.obj
 0001:00002110       __vcrt_initialize_locks    0000000180003110 f   libvcruntime:locks.obj
 0001:00002158       __vcrt_uninitialize_locks  0000000180003158 f   libvcruntime:locks.obj
 0001:00002190       __vcrt_initialize_pure_virtual_call_handler 0000000180003190 f   libvcruntime:purevirt_data.obj
 0001:000021b4       ??0_LocaleUpdate@@QEAA@QEAU__crt_locale_pointers@@@Z 00000001800031b4 f i libucrt:stricmp.obj
 0001:00002244       __ascii_stricmp            0000000180003244 f   libucrt:stricmp.obj
 0001:00002280       _stricmp                   0000000180003280 f   libucrt:stricmp.obj
 0001:000022c8       _stricmp_l                 00000001800032c8 f   libucrt:stricmp.obj
 0001:0000237c       _initterm                  000000018000337c f   libucrt:initterm.obj
 0001:000023f4       _initterm_e                00000001800033f4 f   libucrt:initterm.obj
 0001:00002440       _seh_filter_dll            0000000180003440 f   libucrt:exception_filter.obj
 0001:00002454       _seh_filter_exe            0000000180003454 f   libucrt:exception_filter.obj
 0001:00002814       __acrt_initialize_thread_local_exit_callback 0000000180003814 f   libucrt:exit.obj
 0001:0000281c       _cexit                     000000018000381c f   libucrt:exit.obj
 0001:0000282c       _exit                      000000018000382c f   libucrt:exit.obj
 0001:00002838       _is_c_termination_complete 0000000180003838 f   libucrt:exit.obj
 0001:00002a24       __dcrt_uninitialize_environments_nolock 0000000180003a24 f   libucrt:environment_initialization.obj
 0001:00002a5c       _initialize_narrow_environment 0000000180003a5c f   libucrt:environment_initialization.obj
 0001:00002a64       ??$?RV<lambda_b8c45f8f788dd370798f47cfe8ac3a86>@@AEAV<lambda_4e60a939b0d047cfe11ddc22648dfba9>@@V<lambda_332c3edc96d0294ec56c57d38c1cdfd5>@@@?$__crt_seh_guarded_call@H@@QEAAH$$QEAV<lambda_b8c45f8f788dd370798f47cfe8ac3a86>@@AEAV<lambda_4e60a939b0d047cfe11ddc22648dfba9>@@$$QEAV<lambda_332c3edc96d0294ec56c57d38c1cdfd5>@@@Z 0000000180003a64 f i libucrt:onexit.obj
 0001:00002aa0       ??$?RV<lambda_e24bbb7b643b32fcea6fa61b31d4c984>@@AEAV<lambda_275893d493268fdec8709772e3fcec0e>@@V<lambda_9d71df4d7cf3f480f8d633942495c3b0>@@@?$__crt_seh_guarded_call@H@@QEAAH$$QEAV<lambda_e24bbb7b643b32fcea6fa61b31d4c984>@@AEAV<lambda_275893d493268fdec8709772e3fcec0e>@@$$QEAV<lambda_9d71df4d7cf3f480f8d633942495c3b0>@@@Z 0000000180003aa0 f i libucrt:onexit.obj
 0001:00002e1c       _crt_atexit                0000000180003e1c f   libucrt:onexit.obj
 0001:00002e2c       _execute_onexit_table      0000000180003e2c f   libucrt:onexit.obj
 0001:00002e68       _initialize_onexit_table   0000000180003e68 f   libucrt:onexit.obj
 0001:00002ea8       _register_onexit_function  0000000180003ea8 f   libucrt:onexit.obj
 0001:00003024       __acrt_uninitialize_command_line 0000000180004024 f   libucrt:argv_data.obj
 0001:00003028       __acrt_initialize          0000000180004028 f   libucrt:initialization.obj
 0001:0000303c       __acrt_thread_attach       000000018000403c f   libucrt:initialization.obj
 0001:00003050       __acrt_thread_detach       0000000180004050 f   libucrt:initialization.obj
 0001:00003060       __acrt_uninitialize        0000000180004060 f   libucrt:initialization.obj
 0001:00003074       __acrt_uninitialize_critical 0000000180004074 f   libucrt:initialization.obj
 0001:00003084       terminate                  0000000180004084 f   libucrt:terminate.obj
 0001:000030ac       _free_base                 00000001800040ac f   libucrt:free_base.obj
 0001:000030ec       _malloc_base               00000001800040ec f   libucrt:malloc_base.obj
 0001:0000314c       strcpy_s                   000000018000414c f   libucrt:strcpy_s.obj
 0001:000031ac       abort                      00000001800041ac f   libucrt:abort.obj
 0001:00003204       _calloc_base               0000000180004204 f   libucrt:calloc_base.obj
 0001:0000327c       __acrt_call_reportfault    000000018000427c f   libucrt:invalid_parameter.obj
 0001:000033d8       __acrt_initialize_invalid_parameter_handler 00000001800043d8 f   libucrt:invalid_parameter.obj
 0001:000033e0       _invalid_parameter         00000001800043e0 f   libucrt:invalid_parameter.obj
 0001:00003488       _invalid_parameter_noinfo  0000000180004488 f   libucrt:invalid_parameter.obj
 0001:000034a8       _invoke_watson             00000001800044a8 f   libucrt:invalid_parameter.obj
 0001:000034f0       __acrt_errno_from_os_error 00000001800044f0 f   libucrt:errno.obj
 0001:00003538       __acrt_errno_map_os_error  0000000180004538 f   libucrt:errno.obj
 0001:00003588       __doserrno                 0000000180004588 f   libucrt:errno.obj
 0001:000035a8       _errno                     00000001800045a8 f   libucrt:errno.obj
 0001:00003618       _tolower_l                 0000000180004618 f   libucrt:tolower_toupper.obj
 0001:00003758       ??$?RV<lambda_46352004c1216016012b18bd6f87e700>@@AEAV<lambda_3bd07e1a1191394380780325891bf33f>@@V<lambda_334532d3f185bcaa59b5be82d7d22bff>@@@?$__crt_seh_guarded_call@X@@QEAAX$$QEAV<lambda_46352004c1216016012b18bd6f87e700>@@AEAV<lambda_3bd07e1a1191394380780325891bf33f>@@$$QEAV<lambda_334532d3f185bcaa59b5be82d7d22bff>@@@Z 0000000180004758 f i libucrt:per_thread_data.obj
 0001:000037b8       ??$?RV<lambda_5e887d1dcbef67a5eb4283622ba103bf>@@AEAV<lambda_4466841279450cc726390878d4a41900>@@V<lambda_341c25c0346d94847f1f3c463c57e077>@@@?$__crt_seh_guarded_call@X@@QEAAX$$QEAV<lambda_5e887d1dcbef67a5eb4283622ba103bf>@@AEAV<lambda_4466841279450cc726390878d4a41900>@@$$QEAV<lambda_341c25c0346d94847f1f3c463c57e077>@@@Z 00000001800047b8 f i libucrt:per_thread_data.obj
 0001:00003800       ??$?RV<lambda_72d1df2b273a38828b1ce30cbf4cdab5>@@AEAV<lambda_876a65b173b8412d3a47c70a915b0cf4>@@V<lambda_41932305e351933ebe8f8be3ed8bb5dc>@@@?$__crt_seh_guarded_call@X@@QEAAX$$QEAV<lambda_72d1df2b273a38828b1ce30cbf4cdab5>@@AEAV<lambda_876a65b173b8412d3a47c70a915b0cf4>@@$$QEAV<lambda_41932305e351933ebe8f8be3ed8bb5dc>@@@Z 0000000180004800 f i libucrt:per_thread_data.obj
 0001:00003840       ??$?RV<lambda_fb3a7dec4e47f37f22dae91bb15c9095>@@AEAV<lambda_698284760c8add0bfb0756c19673e34b>@@V<lambda_dfb8eca1e75fef3034a8fb18dd509707>@@@?$__crt_seh_guarded_call@X@@QEAAX$$QEAV<lambda_fb3a7dec4e47f37f22dae91bb15c9095>@@AEAV<lambda_698284760c8add0bfb0756c19673e34b>@@$$QEAV<lambda_dfb8eca1e75fef3034a8fb18dd509707>@@@Z 0000000180004840 f i libucrt:per_thread_data.obj
 0001:00003ad0       __acrt_freeptd             0000000180004ad0 f   libucrt:per_thread_data.obj
 0001:00003b14       __acrt_getptd              0000000180004b14 f   libucrt:per_thread_data.obj
 0001:00003ba8       __acrt_getptd_noexit       0000000180004ba8 f   libucrt:per_thread_data.obj
 0001:00003c48       __acrt_initialize_ptd      0000000180004c48 f   libucrt:per_thread_data.obj
 0001:00003c84       __acrt_uninitialize_ptd    0000000180004c84 f   libucrt:per_thread_data.obj
 0001:00003ca8       __acrt_update_locale_info  0000000180004ca8 f   libucrt:locale_update.obj
 0001:00003cdc       __acrt_update_multibyte_info 0000000180004cdc f   libucrt:locale_update.obj
 0001:00003d10       __acrt_set_locale_changed  0000000180004d10 f   libucrt:wsetlocale.obj
 0001:00003d1c       __acrt_uninitialize_locale 0000000180004d1c f   libucrt:wsetlocale.obj
 0001:00003d64       __acrt_initialize_locks    0000000180004d64 f   libucrt:locks.obj
 0001:00003dac       __acrt_lock                0000000180004dac f   libucrt:locks.obj
 0001:00003dc8       __acrt_uninitialize_locks  0000000180004dc8 f   libucrt:locks.obj
 0001:00003e00       __acrt_unlock              0000000180004e00 f   libucrt:locks.obj
 0001:00003fbc       __acrt_FlsAlloc            0000000180004fbc f   libucrt:winapi_thunks.obj
 0001:00004014       __acrt_FlsFree             0000000180005014 f   libucrt:winapi_thunks.obj
 0001:0000406c       __acrt_FlsGetValue         000000018000506c f   libucrt:winapi_thunks.obj
 0001:000040c4       __acrt_FlsSetValue         00000001800050c4 f   libucrt:winapi_thunks.obj
 0001:0000412c       __acrt_InitializeCriticalSectionEx 000000018000512c f   libucrt:winapi_thunks.obj
 0001:000041a4       __acrt_LCMapStringEx       00000001800051a4 f   libucrt:winapi_thunks.obj
 0001:00004294       __acrt_LocaleNameToLCID    0000000180005294 f   libucrt:winapi_thunks.obj
 0001:000042fc       __acrt_initialize_winapi_thunks 00000001800052fc f   libucrt:winapi_thunks.obj
 0001:00004334       __acrt_is_packaged_app     0000000180005334 f   libucrt:winapi_thunks.obj
 0001:000043bc       __acrt_uninitialize_winapi_thunks 00000001800053bc f   libucrt:winapi_thunks.obj
 0001:00004400       ??$?RV<lambda_99476a1ad63dd22509b5d3e65b0ffc95>@@AEAV<lambda_ad1ced32f4ac17aa236e5ef05d6b3b7c>@@V<lambda_f7424dd8d45958661754dc4f2697e9c3>@@@?$__crt_seh_guarded_call@X@@QEAAX$$QEAV<lambda_99476a1ad63dd22509b5d3e65b0ffc95>@@AEAV<lambda_ad1ced32f4ac17aa236e5ef05d6b3b7c>@@$$QEAV<lambda_f7424dd8d45958661754dc4f2697e9c3>@@@Z 0000000180005400 f i libucrt:mbctype.obj
 0001:00004afc       __acrt_initialize_multibyte 0000000180005afc f   libucrt:mbctype.obj
 0001:00004b24       __acrt_update_thread_multibyte_data 0000000180005b24 f   libucrt:mbctype.obj
 0001:00004be4       _setmbcp_nolock            0000000180005be4 f   libucrt:mbctype.obj
 0001:00004e8c       __dcrt_get_narrow_environment_from_os 0000000180005e8c f   libucrt:get_environment_from_os.obj
 0001:00004f90       _recalloc                  0000000180005f90 f   libucrt:recalloc.obj
 0001:00004f98       _recalloc_base             0000000180005f98 f   libucrt:recalloc.obj
 0001:00005030       __acrt_initialize_heap     0000000180006030 f   libucrt:heap_handle.obj
 0001:0000504c       __acrt_uninitialize_heap   000000018000604c f   libucrt:heap_handle.obj
 0001:00005240       __acrt_initialize_lowio    0000000180006240 f   libucrt:ioinit.obj
 0001:0000527c       __acrt_uninitialize_lowio  000000018000627c f   libucrt:ioinit.obj
 0001:000052bc       __acrt_initialize_command_line 00000001800062bc f   libucrt:argv_data.obj
 0001:000052e4       __acrt_execute_initializers 00000001800062e4 f   libucrt:shared_initialization.obj
 0001:00005378       __acrt_execute_uninitializers 0000000180006378 f   libucrt:shared_initialization.obj
 0001:000053c8       __acrt_initialize_new_handler 00000001800063c8 f   libucrt:new_handler.obj
 0001:000053d0       _callnewh                  00000001800063d0 f   libucrt:new_handler.obj
 0001:00005410       _query_new_handler         0000000180006410 f   libucrt:new_handler.obj
 0001:00005444       ??$?RV<lambda_c36588078e9f5dfd39652860aa6b3aaf>@@AEAV<lambda_ec61778202f4f5fc7e7711acc23c3bca>@@V<lambda_dc9d2797ccde5d239b4a0efae8ebd7db>@@@?$__crt_seh_guarded_call@P6AXH@Z@@QEAAP6AXH@Z$$QEAV<lambda_c36588078e9f5dfd39652860aa6b3aaf>@@AEAV<lambda_ec61778202f4f5fc7e7711acc23c3bca>@@$$QEAV<lambda_dc9d2797ccde5d239b4a0efae8ebd7db>@@@Z 0000000180006444 f i libucrt:signal.obj
 0001:0000548c       __acrt_get_sigabrt_handler 000000018000648c f   libucrt:signal.obj
 0001:000054bc       __acrt_initialize_signal_handlers 00000001800064bc f   libucrt:signal.obj
 0001:000054dc       raise                      00000001800064dc f   libucrt:signal.obj
 0001:00005778       __acrt_has_user_matherr    0000000180006778 f   libucrt:matherr.obj
 0001:00005798       __acrt_initialize_user_matherr 0000000180006798 f   libucrt:matherr.obj
 0001:000057a0       __acrt_invoke_user_matherr 00000001800067a0 f   libucrt:matherr.obj
 0001:000057e8       _query_new_mode            00000001800067e8 f   libucrt:new_mode.obj
 0001:000057f0       _mbtowc_l                  00000001800067f0 f   libucrt:mbtowc.obj
 0001:00005938       mbtowc                     0000000180006938 f   libucrt:mbtowc.obj
 0001:00005940       _fileno                    0000000180006940 f   libucrt:fileno.obj
 0001:00005968       __acrt_initialize_stdio    0000000180006968 f   libucrt:_file.obj
 0001:00005a88       __acrt_uninitialize_stdio  0000000180006a88 f   libucrt:_file.obj
 0001:00005ae4       _lock_file                 0000000180006ae4 f   libucrt:_file.obj
 0001:00005af0       _unlock_file               0000000180006af0 f   libucrt:_file.obj
 0001:00005afc       __pctype_func              0000000180006afc f   libucrt:ctype.obj
 0001:00005b2c       _isctype_l                 0000000180006b2c f   libucrt:isctype.obj
 0001:00005c3c       _isleadbyte_l              0000000180006c3c f i libucrt:_wctype.obj
 0001:00005fd8       __acrt_LCMapStringA        0000000180006fd8 f   libucrt:lcmapstringa.obj
 0001:00006070       __acrt_add_locale_ref      0000000180007070 f   libucrt:locale_refcounting.obj
 0001:000060fc       __acrt_free_locale         00000001800070fc f   libucrt:locale_refcounting.obj
 0001:00006274       __acrt_locale_add_lc_time_reference 0000000180007274 f   libucrt:locale_refcounting.obj
 0001:0000629c       __acrt_locale_free_lc_time_if_unreferenced 000000018000729c f   libucrt:locale_refcounting.obj
 0001:000062d4       __acrt_locale_release_lc_time_reference 00000001800072d4 f   libucrt:locale_refcounting.obj
 0001:000062fc       __acrt_release_locale_ref  00000001800072fc f   libucrt:locale_refcounting.obj
 0001:000063a4       __acrt_update_thread_locale_data 00000001800073a4 f   libucrt:locale_refcounting.obj
 0001:00006414       _updatetlocinfoEx_nolock   0000000180007414 f   libucrt:locale_refcounting.obj
 0001:0000647c       __acrt_locale_free_monetary 000000018000747c f   libucrt:initmon.obj
 0001:00006588       __acrt_locale_free_numeric 0000000180007588 f   libucrt:initnum.obj
 0001:0000664c       __acrt_locale_free_time    000000018000764c f   libucrt:inittime.obj
 0001:00006754       __acrt_GetStringTypeA      0000000180007754 f   libucrt:getstringtypea.obj
 0001:000069d0       __acrt_DownlevelLocaleNameToLCID 00000001800079d0 f   libucrt:lcidtoname_downlevel.obj
 0001:00006a1c       _msize                     0000000180007a1c f   libucrt:msize.obj
 0001:00006a58       _realloc_base              0000000180007a58 f   libucrt:realloc_base.obj
 0001:00006adc       __acrt_lowio_create_handle_array 0000000180007adc f   libucrt:osfinfo.obj
 0001:00006b74       __acrt_lowio_destroy_handle_array 0000000180007b74 f   libucrt:osfinfo.obj
 0001:00006bc4       __acrt_lowio_ensure_fh_exists 0000000180007bc4 f   libucrt:osfinfo.obj
 0001:00006c7c       __acrt_lowio_lock_fh       0000000180007c7c f   libucrt:osfinfo.obj
 0001:00006ca0       __acrt_lowio_unlock_fh     0000000180007ca0 f   libucrt:osfinfo.obj
 0001:00006cc4       _free_osfhnd               0000000180007cc4 f   libucrt:osfinfo.obj
 0001:00006d80       _get_osfhandle             0000000180007d80 f   libucrt:osfinfo.obj
 0001:00006df8       _isatty                    0000000180007df8 f   libucrt:isatty.obj
 0001:00006e58       __acrt_stdio_flush_nolock  0000000180007e58 f   libucrt:fflush.obj
 0001:00006ed0       _fflush_nolock             0000000180007ed0 f   libucrt:fflush.obj
 0001:00006f1c       _flushall                  0000000180007f1c f   libucrt:fflush.obj
 0001:0000700c       _fcloseall                 000000018000800c f   libucrt:closeall.obj
 0001:000070c0       __acrt_stdio_free_buffer_nolock 00000001800080c0 f   libucrt:_freebuf.obj
 0001:00007100       __strncnt                  0000000180008100 f   libucrt:strncnt.obj
 0001:00007118       _query_app_type            0000000180008118 f   libucrt:report_runtime_error.obj
 0001:00007120       ??$?RV<lambda_b521505b218e5242e90febf6bfebc422>@@AEAV<lambda_6978c1fb23f02e42e1d9e99668cc68aa>@@V<lambda_314360699dd331753a4119843814e9a7>@@@?$__crt_seh_guarded_call@H@@QEAAH$$QEAV<lambda_b521505b218e5242e90febf6bfebc422>@@AEAV<lambda_6978c1fb23f02e42e1d9e99668cc68aa>@@$$QEAV<lambda_314360699dd331753a4119843814e9a7>@@@Z 0000000180008120 f i libucrt:commit.obj
 0001:000071ac       _commit                    00000001800081ac f   libucrt:commit.obj
 0001:000077e0       _write                     00000001800087e0 f   libucrt:write.obj
 0001:000078cc       _write_nolock              00000001800088cc f   libucrt:write.obj
 0001:00007bb0       log10                      0000000180008bb0 f   libucrt:log10.obj
 0001:000081f8       _lseeki64_nolock           00000001800091f8 f   libucrt:lseek.obj
 0001:00008200       _fclose_nolock             0000000180009200 f   libucrt:fclose.obj
 0001:00008284       fclose                     0000000180009284 f   libucrt:fclose.obj
 0001:000082f0       _putwch_nolock             00000001800092f0 f   libucrt:putwch.obj
 0001:00008470       _handle_error              0000000180009470 f   libucrt:libm_error.obj
 0001:000085a0       __acrt_initialize_fma3     00000001800095a0 f   libucrt:fma3_available.obj
 0001:00008610       _log10_special             0000000180009610 f   libucrt:log_special.obj
 0001:000086c8       ??$?RV<lambda_bfedae4ebbf01fab1bb6dcc6a9e276e0>@@AEAV<lambda_2fe9b910cf3cbf4a0ab98a02ba45b3ec>@@V<lambda_237c231691f317818eb88cc1d5d642d6>@@@?$__crt_seh_guarded_call@H@@QEAAH$$QEAV<lambda_bfedae4ebbf01fab1bb6dcc6a9e276e0>@@AEAV<lambda_2fe9b910cf3cbf4a0ab98a02ba45b3ec>@@$$QEAV<lambda_237c231691f317818eb88cc1d5d642d6>@@@Z 00000001800096c8 f i libucrt:close.obj
 0001:0000873c       _close                     000000018000973c f   libucrt:close.obj
 0001:000087e0       _close_nolock              00000001800097e0 f   libucrt:close.obj
 0001:0000889c       ?__acrt_stdio_free_stream@@YAXV__crt_stdio_stream@@@Z 000000018000989c f   libucrt:stream.obj
 0001:000088e0       __dcrt_lowio_initialize_console_output 00000001800098e0 f   libucrt:initcon.obj
 0001:0000891c       __dcrt_terminate_console_output 000000018000991c f   libucrt:initcon.obj
 0001:00008950       _get_fpsr                  0000000180009950 f   libucrt:fpsr.obj
 0001:00008960       _set_fpsr                  0000000180009960 f   libucrt:fpsr.obj
 0001:0000896a       _fclrf                     000000018000996a f   libucrt:fpsr.obj
 0001:0000897e       _frnd                      000000018000997e f   libucrt:fpsr.obj
 0001:000089a0       _raise_exc                 00000001800099a0 f   libucrt:fpexcept.obj
 0001:000089c8       _raise_exc_ex              00000001800099c8 f   libucrt:fpexcept.obj
 0001:00008cd0       _set_errno_from_matherr    0000000180009cd0 f   libucrt:fpexcept.obj
 0001:00008d00       _clrfp                     0000000180009d00 f   libucrt:fpctrl.obj
 0001:00008d20       _ctrlfp                    0000000180009d20 f   libucrt:fpctrl.obj
 0001:00008d9c       _set_statfp                0000000180009d9c f   libucrt:fpctrl.obj
 0001:00008dbc       _statfp                    0000000180009dbc f   libucrt:fpctrl.obj
 0001:00008dce       IsProcessorFeaturePresent  0000000180009dce f   kernel32:KERNEL32.dll
 0001:00008dd4       RtlUnwindEx                0000000180009dd4 f   kernel32:KERNEL32.dll
 0001:00008dda       SystemFunction036          0000000180009dda f   advapi32:ADVAPI32.dll
 0001:00008de0       ?DloadAcquireSectionWriteAccess@@YAXXZ 0000000180009de0 f i DelayImp:delayhlp.obj
 0001:00008e9c       ?DloadGetSRWLockFunctionPointers@@YAEXZ 0000000180009e9c f i DelayImp:delayhlp.obj
 0001:00008f38       ?DloadMakePermanentImageCommit@@YAXPEAX_K@Z 0000000180009f38 f i DelayImp:delayhlp.obj
 0001:00008fd0       ?DloadObtainSection@@YAPEAXPEAK0@Z 0000000180009fd0 f i DelayImp:delayhlp.obj
 0001:00009068       ?DloadProtectSection@@YAXKPEAK@Z 000000018000a068 f i DelayImp:delayhlp.obj
 0001:000090f8       ?DloadReleaseSectionWriteAccess@@YAXXZ 000000018000a0f8 f i DelayImp:delayhlp.obj
 0001:0000919c       __delayLoadHelper2         000000018000a19c f   DelayImp:delayhlp.obj
 0001:000094a4       __GSHandlerCheck           000000018000a4a4 f   LIBCMT:_gshandler_.obj
 0001:000094c4       __GSHandlerCheckCommon     000000018000a4c4 f   LIBCMT:_gshandler_.obj
 0001:00009520       _FindPESection             000000018000a520 f   LIBCMT:pesect.obj
 0001:00009570       _IsNonwritableInCurrentImage 000000018000a570 f   LIBCMT:pesect.obj
 0001:000095c0       _ValidateImageBase         000000018000a5c0 f   LIBCMT:pesect.obj
 0001:00009600       __chkstk                   000000018000a600 f   LIBCMT:_chkstk_.obj
 0001:00009600       _alloca_probe              000000018000a600 f   LIBCMT:_chkstk_.obj
 0001:00009670       memcpy                     000000018000a670 f   libvcruntime:memcpy.obj
 0001:00009670       memmove                    000000018000a670 f   libvcruntime:memcpy.obj
 0001:00009ac0       memcmp                     000000018000aac0 f   libvcruntime:memcmp.obj
 0001:00009ba0       _guard_dispatch_icall_nop  000000018000aba0 f   LIBCMT:_guard_dispatch_.obj
 0002:00000000       __imp_SystemFunction036    000000018000b000     advapi32:ADVAPI32.dll
 0002:00000008       \177ADVAPI32_NULL_THUNK_DATA 000000018000b008     advapi32:ADVAPI32.dll
 0002:00000010       __imp_RtlCaptureContext    000000018000b010     kernel32:KERNEL32.dll
 0002:00000018       __imp_RtlLookupFunctionEntry 000000018000b018     kernel32:KERNEL32.dll
 0002:00000020       __imp_RtlVirtualUnwind     000000018000b020     kernel32:KERNEL32.dll
 0002:00000028       __imp_UnhandledExceptionFilter 000000018000b028     kernel32:KERNEL32.dll
 0002:00000030       __imp_SetUnhandledExceptionFilter 000000018000b030     kernel32:KERNEL32.dll
 0002:00000038       __imp_GetCurrentProcess    000000018000b038     kernel32:KERNEL32.dll
 0002:00000040       __imp_TerminateProcess     000000018000b040     kernel32:KERNEL32.dll
 0002:00000048       __imp_IsProcessorFeaturePresent 000000018000b048     kernel32:KERNEL32.dll
 0002:00000050       __imp_QueryPerformanceCounter 000000018000b050     kernel32:KERNEL32.dll
 0002:00000058       __imp_GetCurrentProcessId  000000018000b058     kernel32:KERNEL32.dll
 0002:00000060       __imp_GetCurrentThreadId   000000018000b060     kernel32:KERNEL32.dll
 0002:00000068       __imp_GetSystemTimeAsFileTime 000000018000b068     kernel32:KERNEL32.dll
 0002:00000070       __imp_InitializeSListHead  000000018000b070     kernel32:KERNEL32.dll
 0002:00000078       __imp_IsDebuggerPresent    000000018000b078     kernel32:KERNEL32.dll
 0002:00000080       __imp_GetStartupInfoW      000000018000b080     kernel32:KERNEL32.dll
 0002:00000088       __imp_GetModuleHandleW     000000018000b088     kernel32:KERNEL32.dll
 0002:00000090       __imp_GetLastError         000000018000b090     kernel32:KERNEL32.dll
 0002:00000098       __imp_GetModuleFileNameW   000000018000b098     kernel32:KERNEL32.dll
 0002:000000a0       __imp_RtlUnwindEx          000000018000b0a0     kernel32:KERNEL32.dll
 0002:000000a8       __imp_InterlockedFlushSList 000000018000b0a8     kernel32:KERNEL32.dll
 0002:000000b0       __imp_InitializeCriticalSectionAndSpinCount 000000018000b0b0     kernel32:KERNEL32.dll
 0002:000000b8       __imp_TlsAlloc             000000018000b0b8     kernel32:KERNEL32.dll
 0002:000000c0       __imp_TlsGetValue          000000018000b0c0     kernel32:KERNEL32.dll
 0002:000000c8       __imp_TlsSetValue          000000018000b0c8     kernel32:KERNEL32.dll
 0002:000000d0       __imp_TlsFree              000000018000b0d0     kernel32:KERNEL32.dll
 0002:000000d8       __imp_FreeLibrary          000000018000b0d8     kernel32:KERNEL32.dll
 0002:000000e0       __imp_GetProcAddress       000000018000b0e0     kernel32:KERNEL32.dll
 0002:000000e8       __imp_LoadLibraryExW       000000018000b0e8     kernel32:KERNEL32.dll
 0002:000000f0       __imp_SetLastError         000000018000b0f0     kernel32:KERNEL32.dll
 0002:000000f8       __imp_EnterCriticalSection 000000018000b0f8     kernel32:KERNEL32.dll
 0002:00000100       __imp_LeaveCriticalSection 000000018000b100     kernel32:KERNEL32.dll
 0002:00000108       __imp_DeleteCriticalSection 000000018000b108     kernel32:KERNEL32.dll
 0002:00000110       __imp_ExitProcess          000000018000b110     kernel32:KERNEL32.dll
 0002:00000118       __imp_GetModuleHandleExW   000000018000b118     kernel32:KERNEL32.dll
 0002:00000120       __imp_MultiByteToWideChar  000000018000b120     kernel32:KERNEL32.dll
 0002:00000128       __imp_WideCharToMultiByte  000000018000b128     kernel32:KERNEL32.dll
 0002:00000130       __imp_HeapFree             000000018000b130     kernel32:KERNEL32.dll
 0002:00000138       __imp_HeapAlloc            000000018000b138     kernel32:KERNEL32.dll
 0002:00000140       __imp_GetACP               000000018000b140     kernel32:KERNEL32.dll
 0002:00000148       __imp_LCMapStringW         000000018000b148     kernel32:KERNEL32.dll
 0002:00000150       __imp_IsValidCodePage      000000018000b150     kernel32:KERNEL32.dll
 0002:00000158       __imp_GetOEMCP             000000018000b158     kernel32:KERNEL32.dll
 0002:00000160       __imp_GetCPInfo            000000018000b160     kernel32:KERNEL32.dll
 0002:00000168       __imp_GetEnvironmentStringsW 000000018000b168     kernel32:KERNEL32.dll
 0002:00000170       __imp_FreeEnvironmentStringsW 000000018000b170     kernel32:KERNEL32.dll
 0002:00000178       __imp_GetProcessHeap       000000018000b178     kernel32:KERNEL32.dll
 0002:00000180       __imp_GetStdHandle         000000018000b180     kernel32:KERNEL32.dll
 0002:00000188       __imp_GetFileType          000000018000b188     kernel32:KERNEL32.dll
 0002:00000190       __imp_GetCommandLineA      000000018000b190     kernel32:KERNEL32.dll
 0002:00000198       __imp_GetCommandLineW      000000018000b198     kernel32:KERNEL32.dll
 0002:000001a0       __imp_GetStringTypeW       000000018000b1a0     kernel32:KERNEL32.dll
 0002:000001a8       __imp_HeapSize             000000018000b1a8     kernel32:KERNEL32.dll
 0002:000001b0       __imp_HeapReAlloc          000000018000b1b0     kernel32:KERNEL32.dll
 0002:000001b8       __imp_SetStdHandle         000000018000b1b8     kernel32:KERNEL32.dll
 0002:000001c0       __imp_WriteFile            000000018000b1c0     kernel32:KERNEL32.dll
 0002:000001c8       __imp_FlushFileBuffers     000000018000b1c8     kernel32:KERNEL32.dll
 0002:000001d0       __imp_GetConsoleCP         000000018000b1d0     kernel32:KERNEL32.dll
 0002:000001d8       __imp_GetConsoleMode       000000018000b1d8     kernel32:KERNEL32.dll
 0002:000001e0       __imp_SetFilePointerEx     000000018000b1e0     kernel32:KERNEL32.dll
 0002:000001e8       __imp_CloseHandle          000000018000b1e8     kernel32:KERNEL32.dll
 0002:000001f0       __imp_WriteConsoleW        000000018000b1f0     kernel32:KERNEL32.dll
 0002:000001f8       __imp_CreateFileW          000000018000b1f8     kernel32:KERNEL32.dll
 0002:00000200       __imp_RaiseException       000000018000b200     kernel32:KERNEL32.dll
 0002:00000208       __imp_GetModuleHandleA     000000018000b208     kernel32:KERNEL32.dll
 0002:00000210       __imp_GetSystemInfo        000000018000b210     kernel32:KERNEL32.dll
 0002:00000218       __imp_VirtualProtect       000000018000b218     kernel32:KERNEL32.dll
 0002:00000220       __imp_VirtualQuery         000000018000b220     kernel32:KERNEL32.dll
 0002:00000228       __imp_LoadLibraryExA       000000018000b228     kernel32:KERNEL32.dll
 0002:00000230       \177KERNEL32_NULL_THUNK_DATA 000000018000b230     kernel32:KERNEL32.dll
 0002:00000238       __guard_check_icall_fptr   000000018000b238     LIBCMT:guard_support.obj
 0002:00000240       __guard_dispatch_icall_fptr 000000018000b240     LIBCMT:guard_support.obj
 0002:00000248       __xc_a                     000000018000b248     LIBCMT:initializers.obj
 0002:00000250       _register_my_extension_    000000018000b250     helloworld.obj
 0002:00000258       __xc_z                     000000018000b258     LIBCMT:initializers.obj
 0002:00000260       __xi_a                     000000018000b260     LIBCMT:initializers.obj
 0002:00000268       __acrt_multibyte_initializer 000000018000b268     libucrt:multibyte_initializer.obj
 0002:00000270       __acrt_stdio_initializer   000000018000b270     libucrt:stdio_initializer.obj
 0002:00000278       __acrt_tran_fma3_initializer 000000018000b278     libucrt:fma3_initializer.obj
 0002:00000280       __xi_z                     000000018000b280     LIBCMT:initializers.obj
 0002:00000288       __xp_a                     000000018000b288     LIBCMT:initializers.obj
 0002:00000290       __acrt_locale_terminator   000000018000b290     libucrt:locale_initializer.obj
 0002:00000298       __dcrt_console_output_terminator 000000018000b298     libucrt:console_output_initializer.obj
 0002:000002a0       __acrt_stdio_terminator    000000018000b2a0     libucrt:stdio_initializer.obj
 0002:000002a8       __xp_z                     000000018000b2a8     LIBCMT:initializers.obj
 0002:000002b0       __xt_a                     000000018000b2b0     LIBCMT:initializers.obj
 0002:000002b8       __xt_z                     000000018000b2b8     LIBCMT:initializers.obj
 0002:000002c0       __sz_node_exe              000000018000b2c0     node:node.exe
 0002:000002d0       _pRawDllMain               000000018000b2d0     LIBCMT:dll_dllmain.obj
 0002:000002d0       _pDefaultRawDllMain        000000018000b2d0     LIBCMT:dll_dllmain.obj
 0002:000002e8       _Microsoft_CRTProvider     000000018000b2e8     libvcruntime:telemetry.obj
 0002:000002f0       ??_C@_00CNPNBAHC@?$AA@     000000018000b2f0     libvcruntime:telemetry.obj
 0002:000002f4       ??_C@_11LOCGONAA@?$AA?$AA@ 000000018000b2f4     libvcruntime:telemetry.obj
 0002:000002f8       ??_C@_0O@JEOPJOMI@Main?5Invoked?4?$AA@ 000000018000b2f8     libvcruntime:telemetry.obj
 0002:00000308       ??_C@_0P@NEAEIBDO@Main?5Returned?4?$AA@ 000000018000b308     libvcruntime:telemetry.obj
 0002:00000338       ??_C@_1BC@DNHGCMLG@?$AAa?$AAd?$AAv?$AAa?$AAp?$AAi?$AA3?$AA2?$AA?$AA@ 000000018000b338     libvcruntime:winapi_downlevel.obj
 0002:00000350       ??_C@_1DM@KHCHBNEB@?$AAa?$AAp?$AAi?$AA?9?$AAm?$AAs?$AA?9?$AAw?$AAi?$AAn?$AA?9?$AAc?$AAo?$AAr?$AAe?$AA?9?$AAf?$AAi?$AAb?$AAe?$AAr?$AAs?$AA?9?$AAl?$AA1?$AA?9?$AA1?$AA?9?$AA1?$AA?$AA@ 000000018000b350     libvcruntime:winapi_downlevel.obj
 0002:00000390       ??_C@_1DK@LPPGFMPP@?$AAa?$AAp?$AAi?$AA?9?$AAm?$AAs?$AA?9?$AAw?$AAi?$AAn?$AA?9?$AAc?$AAo?$AAr?$AAe?$AA?9?$AAs?$AAy?$AAn?$AAc?$AAh?$AA?9?$AAl?$AA1?$AA?9?$AA2?$AA?9?$AA0?$AA?$AA@ 000000018000b390     libvcruntime:winapi_downlevel.obj
 0002:000003d0       ??_C@_1BC@GDMECMAK@?$AAk?$AAe?$AAr?$AAn?$AAe?$AAl?$AA3?$AA2?$AA?$AA@ 000000018000b3d0     libvcruntime:winapi_downlevel.obj
 0002:000003e8       ??_C@_0O@BAMBGLIE@EventRegister?$AA@ 000000018000b3e8     libvcruntime:winapi_downlevel.obj
 0002:00000400       ??_C@_0BE@BJEEGHGK@EventSetInformation?$AA@ 000000018000b400     libvcruntime:winapi_downlevel.obj
 0002:00000418       ??_C@_0BA@FAKLIPIC@EventUnregister?$AA@ 000000018000b418     libvcruntime:winapi_downlevel.obj
 0002:00000430       ??_C@_0BD@PKLHJPHD@EventWriteTransfer?$AA@ 000000018000b430     libvcruntime:winapi_downlevel.obj
 0002:00000450       ??_C@_08KNHFBNJ@FlsAlloc?$AA@ 000000018000b450     libvcruntime:winapi_downlevel.obj
 0002:00000468       ??_C@_07PEJMOBNF@FlsFree?$AA@ 000000018000b468     libvcruntime:winapi_downlevel.obj
 0002:00000478       ??_C@_0M@GDNOONDI@FlsGetValue?$AA@ 000000018000b478     libvcruntime:winapi_downlevel.obj
 0002:00000490       ??_C@_0M@JCPCPOEF@FlsSetValue?$AA@ 000000018000b490     libvcruntime:winapi_downlevel.obj
 0002:000004a8       ??_C@_0BM@HCFOFFN@InitializeCriticalSectionEx?$AA@ 000000018000b4a8     libvcruntime:winapi_downlevel.obj
 0002:000004c4       ??_C@_02EEKDKGMJ@?$DO?$DN?$AA@ 000000018000b4c4     libvcruntime:undname.obj
 0002:000004c8       ??_C@_01IHBHIGKO@?0?$AA@   000000018000b4c8     libvcruntime:undname.obj
 0002:000004cc       ??_C@_02HCKGKOFO@?$CI?$CJ?$AA@ 000000018000b4cc     libvcruntime:undname.obj
 0002:000004d0       ??_C@_01PJKLJHI@?$HO?$AA@  000000018000b4d0     libvcruntime:undname.obj
 0002:000004d4       ??_C@_01JKBOJNNK@?$FO?$AA@ 000000018000b4d4     libvcruntime:undname.obj
 0002:000004d8       ??_C@_01DNKMNLPK@?$HM?$AA@ 000000018000b4d8     libvcruntime:undname.obj
 0002:000004dc       ??_C@_02PPKAJPJL@?$CG?$CG?$AA@ 000000018000b4dc     libvcruntime:undname.obj
 0002:000004e0       ??_C@_02NONPIBCD@?$HM?$HM?$AA@ 000000018000b4e0     libvcruntime:undname.obj
 0002:000004e4       ??_C@_02FPIMKNGF@?$CK?$DN?$AA@ 000000018000b4e4     libvcruntime:undname.obj
 0002:000004e8       ??_C@_02FOEOMHFC@?$CL?$DN?$AA@ 000000018000b4e8     libvcruntime:undname.obj
 0002:000004ec       ??_C@_02FKMDLLOA@?9?$DN?$AA@ 000000018000b4ec     libvcruntime:undname.obj
 0002:000004f0       ??_C@_02FJEHGPIO@?1?$DN?$AA@ 000000018000b4f0     libvcruntime:undname.obj
 0002:000004f4       ??_C@_02FENAOKFI@?$CF?$DN?$AA@ 000000018000b4f4     libvcruntime:undname.obj
 0002:000004f8       ??_C@_03IKFCCPFF@?$DO?$DO?$DN?$AA@ 000000018000b4f8     libvcruntime:undname.obj
 0002:000004fc       ??_C@_03CDNPDDLA@?$DM?$DM?$DN?$AA@ 000000018000b4fc     libvcruntime:undname.obj
 0002:00000500       ??_C@_02FGJGFEAB@?$CG?$DN?$AA@ 000000018000b500     libvcruntime:undname.obj
 0002:00000504       ??_C@_02DHLNPPGH@?$HM?$DN?$AA@ 000000018000b504     libvcruntime:undname.obj
 0002:00000508       ??_C@_02MHEGNOJ@?$FO?$DN?$AA@ 000000018000b508     libvcruntime:undname.obj
 0002:00000510       ??_C@_09IFPLHPGF@?$GAvftable?8?$AA@ 000000018000b510     libvcruntime:undname.obj
 0002:00000520       ??_C@_09BLBHBJP@?$GAvbtable?8?$AA@ 000000018000b520     libvcruntime:undname.obj
 0002:00000530       ??_C@_07FEEIOKP@?$GAvcall?8?$AA@ 000000018000b530     libvcruntime:undname.obj
 0002:00000538       ??_C@_08LLFFHHDJ@?$GAtypeof?8?$AA@ 000000018000b538     libvcruntime:undname.obj
 0002:00000548       ??_C@_0BF@KDPPACIK@?$GAlocal?5static?5guard?8?$AA@ 000000018000b548     libvcruntime:undname.obj
 0002:00000560       ??_C@_08OBABFOLI@?$GAstring?8?$AA@ 000000018000b560     libvcruntime:undname.obj
 0002:00000570       ??_C@_0BD@JDLKDPAB@?$GAvbase?5destructor?8?$AA@ 000000018000b570     libvcruntime:undname.obj
 0002:00000588       ??_C@_0BN@DEGPLNFK@?$GAvector?5deleting?5destructor?8?$AA@ 000000018000b588     libvcruntime:undname.obj
 0002:000005a8       ??_C@_0BO@OBMKPJIG@?$GAdefault?5constructor?5closure?8?$AA@ 000000018000b5a8     libvcruntime:undname.obj
 0002:000005c8       ??_C@_0BN@IMDCHIKM@?$GAscalar?5deleting?5destructor?8?$AA@ 000000018000b5c8     libvcruntime:undname.obj
 0002:000005e8       ??_C@_0BO@PFGOCPJJ@?$GAvector?5constructor?5iterator?8?$AA@ 000000018000b5e8     libvcruntime:undname.obj
 0002:00000608       ??_C@_0BN@LFPFMEDL@?$GAvector?5destructor?5iterator?8?$AA@ 000000018000b608     libvcruntime:undname.obj
 0002:00000628       ??_C@_0CE@IKBNEHA@?$GAvector?5vbase?5constructor?5iterat@ 000000018000b628     libvcruntime:undname.obj
 0002:00000650       ??_C@_0BL@NILFHHPC@?$GAvirtual?5displacement?5map?8?$AA@ 000000018000b650     libvcruntime:undname.obj
 0002:00000670       ??_C@_0CB@JONCMFFK@?$GAeh?5vector?5constructor?5iterator?8@ 000000018000b670     libvcruntime:undname.obj
 0002:00000698       ??_C@_0CA@GCEOPDGL@?$GAeh?5vector?5destructor?5iterator?8?$AA@ 000000018000b698     libvcruntime:undname.obj
 0002:000006b8       ??_C@_0CH@OOJPLCPH@?$GAeh?5vector?5vbase?5constructor?5ite@ 000000018000b6b8     libvcruntime:undname.obj
 0002:000006e0       ??_C@_0BL@LLKPOHJI@?$GAcopy?5constructor?5closure?8?$AA@ 000000018000b6e0     libvcruntime:undname.obj
 0002:00000700       ??_C@_0BA@KBCDOMBN@?$GAudt?5returning?8?$AA@ 000000018000b700     libvcruntime:undname.obj
 0002:00000710       ??_C@_03KLGMFNMG@?$GAEH?$AA@ 000000018000b710     libvcruntime:undname.obj
 0002:00000714       ??_C@_05KHLCHHI@?$GARTTI?$AA@ 000000018000b714     libvcruntime:undname.obj
 0002:00000720       ??_C@_0BA@KKLDJDLB@?$GAlocal?5vftable?8?$AA@ 000000018000b720     libvcruntime:undname.obj
 0002:00000730       ??_C@_0CE@IIHCMGGL@?$GAlocal?5vftable?5constructor?5closu@ 000000018000b730     libvcruntime:undname.obj
 0002:00000754       ??_C@_06FHBGPFGH@?5new?$FL?$FN?$AA@ 000000018000b754     libvcruntime:undname.obj
 0002:00000760       ??_C@_09LBNFPBCA@?5delete?$FL?$FN?$AA@ 000000018000b760     libvcruntime:undname.obj
 0002:00000770       ??_C@_0P@HJKNJFNN@?$GAomni?5callsig?8?$AA@ 000000018000b770     libvcruntime:undname.obj
 0002:00000780       ??_C@_0BL@CNOONJFP@?$GAplacement?5delete?5closure?8?$AA@ 000000018000b780     libvcruntime:undname.obj
 0002:000007a0       ??_C@_0BN@CKNJLHMB@?$GAplacement?5delete?$FL?$FN?5closure?8?$AA@ 000000018000b7a0     libvcruntime:undname.obj
 0002:000007c0       ??_C@_0CG@CFDHKGGD@?$GAmanaged?5vector?5constructor?5iter@ 000000018000b7c0     libvcruntime:undname.obj
 0002:000007e8       ??_C@_0CF@IMGKMJNO@?$GAmanaged?5vector?5destructor?5itera@ 000000018000b7e8     libvcruntime:undname.obj
 0002:00000810       ??_C@_0CG@HLDDJMAG@?$GAeh?5vector?5copy?5constructor?5iter@ 000000018000b810     libvcruntime:undname.obj
 0002:00000838       ??_C@_0CM@FCBBDIGB@?$GAeh?5vector?5vbase?5copy?5constructo@ 000000018000b838     libvcruntime:undname.obj
 0002:00000868       ??_C@_0BL@CLIPGLGB@?$GAdynamic?5initializer?5for?5?8?$AA@ 000000018000b868     libvcruntime:undname.obj
 0002:00000888       ??_C@_0CB@PDBIFEP@?$GAdynamic?5atexit?5destructor?5for?5?8@ 000000018000b888     libvcruntime:undname.obj
 0002:000008b0       ??_C@_0CD@CGAJBKEJ@?$GAvector?5copy?5constructor?5iterato@ 000000018000b8b0     libvcruntime:undname.obj
 0002:000008d8       ??_C@_0CJ@GJELGAMM@?$GAvector?5vbase?5copy?5constructor?5i@ 000000018000b8d8     libvcruntime:undname.obj
 0002:00000908       ??_C@_0CL@FGIJHLCE@?$GAmanaged?5vector?5copy?5constructor@ 000000018000b908     libvcruntime:undname.obj
 0002:00000938       ??_C@_0BM@PMGGMLDN@?$GAlocal?5static?5thread?5guard?8?$AA@ 000000018000b938     libvcruntime:undname.obj
 0002:00000958       ??_C@_0N@BDNMDMOL@operator?5?$CC?$CC?5?$AA@ 000000018000b958     libvcruntime:undname.obj
 0002:00000c98       ??_C@_0BC@DAFEJGAK@?5Type?5Descriptor?8?$AA@ 000000018000bc98     libvcruntime:undname.obj
 0002:00000cb0       ??_C@_0BM@LDKODKLH@?5Base?5Class?5Descriptor?5at?5?$CI?$AA@ 000000018000bcb0     libvcruntime:undname.obj
 0002:00000cd0       ??_C@_0BD@LGICGFMM@?5Base?5Class?5Array?8?$AA@ 000000018000bcd0     libvcruntime:undname.obj
 0002:00000ce8       ??_C@_0BN@MECKDCOJ@?5Class?5Hierarchy?5Descriptor?8?$AA@ 000000018000bce8     libvcruntime:undname.obj
 0002:00000d08       ??_C@_0BK@CFCOFLF@?5Complete?5Object?5Locator?8?$AA@ 000000018000bd08     libvcruntime:undname.obj
 0002:00000d28       ??_C@_08EHJDFFNH@__based?$CI?$AA@ 000000018000bd28     libvcruntime:undname.obj
 0002:00000d38       ??_C@_07KOLFKCDI@__cdecl?$AA@ 000000018000bd38     libvcruntime:undname.obj
 0002:00000d40       ??_C@_08GHMPAG@__pascal?$AA@ 000000018000bd40     libvcruntime:undname.obj
 0002:00000d50       ??_C@_09IFJBGAPI@__stdcall?$AA@ 000000018000bd50     libvcruntime:undname.obj
 0002:00000d60       ??_C@_0L@NPHFGOKO@__thiscall?$AA@ 000000018000bd60     libvcruntime:undname.obj
 0002:00000d70       ??_C@_0L@JMKHOMEK@__fastcall?$AA@ 000000018000bd70     libvcruntime:undname.obj
 0002:00000d80       ??_C@_0N@BCKKPABJ@__vectorcall?$AA@ 000000018000bd80     libvcruntime:undname.obj
 0002:00000d90       ??_C@_09HIJEGCPM@__clrcall?$AA@ 000000018000bd90     libvcruntime:undname.obj
 0002:00000d9c       ??_C@_06GHPCKEAG@__eabi?$AA@ 000000018000bd9c     libvcruntime:undname.obj
 0002:00000da8       ??_C@_07JOMMBBKO@__ptr64?$AA@ 000000018000bda8     libvcruntime:undname.obj
 0002:00000db0       ??_C@_0L@PILCLIHE@__restrict?$AA@ 000000018000bdb0     libvcruntime:undname.obj
 0002:00000dc0       ??_C@_0M@GFIIJFMG@__unaligned?$AA@ 000000018000bdc0     libvcruntime:undname.obj
 0002:00000dd0       ??_C@_09DHDLOLLB@restrict?$CI?$AA@ 000000018000bdd0     libvcruntime:undname.obj
 0002:00000ddc       ??_C@_04NIHEBCM@?5new?$AA@ 000000018000bddc     libvcruntime:undname.obj
 0002:00000de8       ??_C@_07FPCDHGMM@?5delete?$AA@ 000000018000bde8     libvcruntime:undname.obj
 0002:00000df0       ??_C@_01NEMOKFLO@?$DN?$AA@ 000000018000bdf0     libvcruntime:undname.obj
 0002:00000df4       ??_C@_02GPIOPFAK@?$DO?$DO?$AA@ 000000018000bdf4     libvcruntime:undname.obj
 0002:00000df8       ??_C@_02FODMEDOG@?$DM?$DM?$AA@ 000000018000bdf8     libvcruntime:undname.obj
 0002:00000dfc       ??_C@_01DCLJPIOD@?$CB?$AA@ 000000018000bdfc     libvcruntime:undname.obj
 0002:00000e00       ??_C@_02EGOFBIJA@?$DN?$DN?$AA@ 000000018000be00     libvcruntime:undname.obj
 0002:00000e04       ??_C@_02FDNJECIE@?$CB?$DN?$AA@ 000000018000be04     libvcruntime:undname.obj
 0002:00000e08       ??_C@_02GPECMEKF@?$FL?$FN?$AA@ 000000018000be08     libvcruntime:undname.obj
 0002:00000e10       ??_C@_08LHJFAFGD@operator?$AA@ 000000018000be10     libvcruntime:undname.obj
 0002:00000e1c       ??_C@_02HBOOOICD@?9?$DO?$AA@ 000000018000be1c     libvcruntime:undname.obj
 0002:00000e20       ??_C@_01NBENCBCI@?$CK?$AA@ 000000018000be20     libvcruntime:undname.obj
 0002:00000e24       ??_C@_02ECNGHCIF@?$CL?$CL?$AA@ 000000018000be24     libvcruntime:undname.obj
 0002:00000e28       ??_C@_02BAABKJLB@?9?9?$AA@ 000000018000be28     libvcruntime:undname.obj
 0002:00000e2c       ??_C@_01JOAMLHOP@?9?$AA@   000000018000be2c     libvcruntime:undname.obj
 0002:00000e30       ??_C@_01MIFGBAGJ@?$CL?$AA@ 000000018000be30     libvcruntime:undname.obj
 0002:00000e34       ??_C@_01HNPIGOCE@?$CG?$AA@ 000000018000be34     libvcruntime:undname.obj
 0002:00000e38       ??_C@_03MNHNFDLC@?9?$DO?$CK?$AA@ 000000018000be38     libvcruntime:undname.obj
 0002:00000e3c       ??_C@_01KMDKNFGN@?1?$AA@   000000018000be3c     libvcruntime:undname.obj
 0002:00000e40       ??_C@_01FGNFDNOH@?$CF?$AA@ 000000018000be40     libvcruntime:undname.obj
 0002:00000e44       ??_C@_01MNNFJEPP@?$DM?$AA@ 000000018000be44     libvcruntime:undname.obj
 0002:00000e48       ??_C@_02EHCHHCKH@?$DM?$DN?$AA@ 000000018000be48     libvcruntime:undname.obj
 0002:00000e4c       ??_C@_01PPODPGHN@?$DO?$AA@ 000000018000be4c     libvcruntime:undname.obj
 0002:00000e50       __acrt_exception_action_table 000000018000be50     libucrt:exception_filter.obj
 0002:00000f10       __acrt_signal_action_table_count 000000018000bf10     libucrt:exception_filter.obj
 0002:00000f18       __acrt_signal_action_first_fpe_index 000000018000bf18     libucrt:exception_filter.obj
 0002:00000f20       __acrt_signal_action_fpe_count 000000018000bf20     libucrt:exception_filter.obj
 0002:00000f28       ??_C@_1BI@BGOHAHKC@?$AAm?$AAs?$AAc?$AAo?$AAr?$AAe?$AAe?$AA?4?$AAd?$AAl?$AAl?$AA?$AA@ 000000018000bf28     libucrt:exit.obj
 0002:00000f40       ??_C@_0P@MIGLKIOC@CorExitProcess?$AA@ 000000018000bf40     libucrt:exit.obj
 0002:000011b0       __lc_time_c                000000018000c1b0     libucrt:nlsdata.obj
 0002:00001470       ??_C@_03KOEHGMDN@Sun?$AA@  000000018000c470     libucrt:nlsdata.obj
 0002:00001474       ??_C@_03PDAGKDH@Mon?$AA@   000000018000c474     libucrt:nlsdata.obj
 0002:00001478       ??_C@_03NAGEINEP@Tue?$AA@  000000018000c478     libucrt:nlsdata.obj
 0002:0000147c       ??_C@_03MHOMLAJA@Wed?$AA@  000000018000c47c     libucrt:nlsdata.obj
 0002:00001480       ??_C@_03IOFIKPDN@Thu?$AA@  000000018000c480     libucrt:nlsdata.obj
 0002:00001484       ??_C@_03IDIOELNC@Fri?$AA@  000000018000c484     libucrt:nlsdata.obj
 0002:00001488       ??_C@_03FEFJNEK@Sat?$AA@   000000018000c488     libucrt:nlsdata.obj
 0002:0000148c       ??_C@_06OOPIFAJ@Sunday?$AA@ 000000018000c48c     libucrt:nlsdata.obj
 0002:00001494       ??_C@_06JLEDEDGH@Monday?$AA@ 000000018000c494     libucrt:nlsdata.obj
 0002:000014a0       ??_C@_07BAAGCFCM@Tuesday?$AA@ 000000018000c4a0     libucrt:nlsdata.obj
 0002:000014a8       ??_C@_09DLIGFAKA@Wednesday?$AA@ 000000018000c4a8     libucrt:nlsdata.obj
 0002:000014b8       ??_C@_08HACCIKIA@Thursday?$AA@ 000000018000c4b8     libucrt:nlsdata.obj
 0002:000014c4       ??_C@_06JECMNKMI@Friday?$AA@ 000000018000c4c4     libucrt:nlsdata.obj
 0002:000014d0       ??_C@_08INBOOONO@Saturday?$AA@ 000000018000c4d0     libucrt:nlsdata.obj
 0002:000014dc       ??_C@_03JIHJHPIE@Jan?$AA@  000000018000c4dc     libucrt:nlsdata.obj
 0002:000014e0       ??_C@_03HJBDCHOM@Feb?$AA@  000000018000c4e0     libucrt:nlsdata.obj
 0002:000014e4       ??_C@_03ODNJBKGA@Mar?$AA@  000000018000c4e4     libucrt:nlsdata.obj
 0002:000014e8       ??_C@_03LEOLGMJP@Apr?$AA@  000000018000c4e8     libucrt:nlsdata.obj
 0002:000014ec       ??_C@_03CNMDKL@May?$AA@    000000018000c4ec     libucrt:nlsdata.obj
 0002:000014f0       ??_C@_03IDFGHECI@Jun?$AA@  000000018000c4f0     libucrt:nlsdata.obj
 0002:000014f4       ??_C@_03LBGABGKK@Jul?$AA@  000000018000c4f4     libucrt:nlsdata.obj
 0002:000014f8       ??_C@_03IFJFEIGA@Aug?$AA@  000000018000c4f8     libucrt:nlsdata.obj
 0002:000014fc       ??_C@_03GGCAPAJC@Sep?$AA@  000000018000c4fc     libucrt:nlsdata.obj
 0002:00001500       ??_C@_03BMAOKBAD@Oct?$AA@  000000018000c500     libucrt:nlsdata.obj
 0002:00001504       ??_C@_03JPJOFNIA@Nov?$AA@  000000018000c504     libucrt:nlsdata.obj
 0002:00001508       ??_C@_03MKABNOCG@Dec?$AA@  000000018000c508     libucrt:nlsdata.obj
 0002:00001510       ??_C@_07CGJPFGJA@January?$AA@ 000000018000c510     libucrt:nlsdata.obj
 0002:00001518       ??_C@_08GNJGEPFN@February?$AA@ 000000018000c518     libucrt:nlsdata.obj
 0002:00001524       ??_C@_05HPCKOFNC@March?$AA@ 000000018000c524     libucrt:nlsdata.obj
 0002:0000152c       ??_C@_05DMJDNLEJ@April?$AA@ 000000018000c52c     libucrt:nlsdata.obj
 0002:00001534       ??_C@_04CNLMGBGM@June?$AA@ 000000018000c534     libucrt:nlsdata.obj
 0002:0000153c       ??_C@_04MIEPOIFP@July?$AA@ 000000018000c53c     libucrt:nlsdata.obj
 0002:00001544       ??_C@_06LBBHFDDG@August?$AA@ 000000018000c544     libucrt:nlsdata.obj
 0002:00001550       ??_C@_09BHHEALKD@September?$AA@ 000000018000c550     libucrt:nlsdata.obj
 0002:00001560       ??_C@_07JJNFCEND@October?$AA@ 000000018000c560     libucrt:nlsdata.obj
 0002:00001568       ??_C@_08HCHEGEOA@November?$AA@ 000000018000c568     libucrt:nlsdata.obj
 0002:00001578       ??_C@_08EDHMEBNP@December?$AA@ 000000018000c578     libucrt:nlsdata.obj
 0002:00001584       ??_C@_02DEDBPAFC@AM?$AA@   000000018000c584     libucrt:nlsdata.obj
 0002:00001588       ??_C@_02CJNFDJBF@PM?$AA@   000000018000c588     libucrt:nlsdata.obj
 0002:00001590       ??_C@_08BPBNCDIB@MM?1dd?1yy?$AA@ 000000018000c590     libucrt:nlsdata.obj
 0002:000015a0       ??_C@_0BE@CKGJFCPC@dddd?0?5MMMM?5dd?0?5yyyy?$AA@ 000000018000c5a0     libucrt:nlsdata.obj
 0002:000015b8       ??_C@_08JCCMCCIL@HH?3mm?3ss?$AA@ 000000018000c5b8     libucrt:nlsdata.obj
 0002:000015c8       ??_C@_17MBGCMIPB@?$AAS?$AAu?$AAn?$AA?$AA@ 000000018000c5c8     libucrt:nlsdata.obj
 0002:000015d0       ??_C@_17KBOMKBF@?$AAM?$AAo?$AAn?$AA?$AA@ 000000018000c5d0     libucrt:nlsdata.obj
 0002:000015d8       ??_C@_17BMKGEGOJ@?$AAT?$AAu?$AAe?$AA?$AA@ 000000018000c5d8     libucrt:nlsdata.obj
 0002:000015e0       ??_C@_17CJEDCEPE@?$AAW?$AAe?$AAd?$AA?$AA@ 000000018000c5e0     libucrt:nlsdata.obj
 0002:000015e8       ??_C@_17PDPHAADD@?$AAT?$AAh?$AAu?$AA?$AA@ 000000018000c5e8     libucrt:nlsdata.obj
 0002:000015f0       ??_C@_17HFOLPPLP@?$AAF?$AAr?$AAi?$AA?$AA@ 000000018000c5f0     libucrt:nlsdata.obj
 0002:000015f8       ??_C@_17GGIBDPIH@?$AAS?$AAa?$AAt?$AA?$AA@ 000000018000c5f8     libucrt:nlsdata.obj
 0002:00001600       ??_C@_1O@IHNHDHPB@?$AAS?$AAu?$AAn?$AAd?$AAa?$AAy?$AA?$AA@ 000000018000c600     libucrt:nlsdata.obj
 0002:00001610       ??_C@_1O@MMNBFLIA@?$AAM?$AAo?$AAn?$AAd?$AAa?$AAy?$AA?$AA@ 000000018000c610     libucrt:nlsdata.obj
 0002:00001620       ??_C@_1BA@ENFBFFEK@?$AAT?$AAu?$AAe?$AAs?$AAd?$AAa?$AAy?$AA?$AA@ 000000018000c620     libucrt:nlsdata.obj
 0002:00001630       ??_C@_1BE@EBOGMDOH@?$AAW?$AAe?$AAd?$AAn?$AAe?$AAs?$AAd?$AAa?$AAy?$AA?$AA@ 000000018000c630     libucrt:nlsdata.obj
 0002:00001648       ??_C@_1BC@HHMNLIHE@?$AAT?$AAh?$AAu?$AAr?$AAs?$AAd?$AAa?$AAy?$AA?$AA@ 000000018000c648     libucrt:nlsdata.obj
 0002:00001660       ??_C@_1O@PDICJHAG@?$AAF?$AAr?$AAi?$AAd?$AAa?$AAy?$AA?$AA@ 000000018000c660     libucrt:nlsdata.obj
 0002:00001670       ??_C@_1BC@ENMNNPAJ@?$AAS?$AAa?$AAt?$AAu?$AAr?$AAd?$AAa?$AAy?$AA?$AA@ 000000018000c670     libucrt:nlsdata.obj
 0002:00001688       ??_C@_17DKNBKCHM@?$AAJ?$AAa?$AAn?$AA?$AA@ 000000018000c688     libucrt:nlsdata.obj
 0002:00001690       ??_C@_17LMDJEKJN@?$AAF?$AAe?$AAb?$AA?$AA@ 000000018000c690     libucrt:nlsdata.obj
 0002:00001698       ??_C@_17CKNLEDEC@?$AAM?$AAa?$AAr?$AA?$AA@ 000000018000c698     libucrt:nlsdata.obj
 0002:000016a0       ??_C@_17LFPOIHDD@?$AAA?$AAp?$AAr?$AA?$AA@ 000000018000c6a0     libucrt:nlsdata.obj
 0002:000016a8       ??_C@_17PNNKMEED@?$AAM?$AAa?$AAy?$AA?$AA@ 000000018000c6a8     libucrt:nlsdata.obj
 0002:000016b0       ??_C@_17KCJGOCPB@?$AAJ?$AAu?$AAn?$AA?$AA@ 000000018000c6b0     libucrt:nlsdata.obj
 0002:000016b8       ??_C@_17IJPCKHK@?$AAJ?$AAu?$AAl?$AA?$AA@ 000000018000c6b8     libucrt:nlsdata.obj
 0002:000016c0       ??_C@_17ICPELBCN@?$AAA?$AAu?$AAg?$AA?$AA@ 000000018000c6c0     libucrt:nlsdata.obj
 0002:000016c8       ??_C@_17HCHCOKMG@?$AAS?$AAe?$AAp?$AA?$AA@ 000000018000c6c8     libucrt:nlsdata.obj
 0002:000016d0       ??_C@_17FNLKOI@?$AAO?$AAc?$AAt?$AA?$AA@ 000000018000c6d0     libucrt:nlsdata.obj
 0002:000016d8       ??_C@_17BBDMLCIG@?$AAN?$AAo?$AAv?$AA?$AA@ 000000018000c6d8     libucrt:nlsdata.obj
 0002:000016e0       ??_C@_17EGKACKIF@?$AAD?$AAe?$AAc?$AA?$AA@ 000000018000c6e0     libucrt:nlsdata.obj
 0002:000016e8       ??_C@_1BA@EFMEIEBA@?$AAJ?$AAa?$AAn?$AAu?$AAa?$AAr?$AAy?$AA?$AA@ 000000018000c6e8     libucrt:nlsdata.obj
 0002:000016f8       ??_C@_1BC@JGDDFFAM@?$AAF?$AAe?$AAb?$AAr?$AAu?$AAa?$AAr?$AAy?$AA?$AA@ 000000018000c6f8     libucrt:nlsdata.obj
 0002:00001710       ??_C@_1M@IKEENEDF@?$AAM?$AAa?$AAr?$AAc?$AAh?$AA?$AA@ 000000018000c710     libucrt:nlsdata.obj
 0002:00001720       ??_C@_1M@GJNLMHFD@?$AAA?$AAp?$AAr?$AAi?$AAl?$AA?$AA@ 000000018000c720     libucrt:nlsdata.obj
 0002:00001730       ??_C@_19EPFLPGAP@?$AAJ?$AAu?$AAn?$AAe?$AA?$AA@ 000000018000c730     libucrt:nlsdata.obj
 0002:00001740       ??_C@_19BIFMLPCD@?$AAJ?$AAu?$AAl?$AAy?$AA?$AA@ 000000018000c740     libucrt:nlsdata.obj
 0002:00001750       ??_C@_1O@PAHLKOAC@?$AAA?$AAu?$AAg?$AAu?$AAs?$AAt?$AA?$AA@ 000000018000c750     libucrt:nlsdata.obj
 0002:00001760       ??_C@_1BE@DKAAMBJL@?$AAS?$AAe?$AAp?$AAt?$AAe?$AAm?$AAb?$AAe?$AAr?$AA?$AA@ 000000018000c760     libucrt:nlsdata.obj
 0002:00001778       ??_C@_1BA@EPANDLNG@?$AAO?$AAc?$AAt?$AAo?$AAb?$AAe?$AAr?$AA?$AA@ 000000018000c778     libucrt:nlsdata.obj
 0002:00001788       ??_C@_1BC@BGLIFPF@?$AAN?$AAo?$AAv?$AAe?$AAm?$AAb?$AAe?$AAr?$AA?$AA@ 000000018000c788     libucrt:nlsdata.obj
 0002:000017a0       ??_C@_1BC@FEMKIFH@?$AAD?$AAe?$AAc?$AAe?$AAm?$AAb?$AAe?$AAr?$AA?$AA@ 000000018000c7a0     libucrt:nlsdata.obj
 0002:000017b4       ??_C@_15ODEHAHHF@?$AAA?$AAM?$AA?$AA@ 000000018000c7b4     libucrt:nlsdata.obj
 0002:000017bc       ??_C@_15CLMNNGEL@?$AAP?$AAM?$AA?$AA@ 000000018000c7bc     libucrt:nlsdata.obj
 0002:000017c8       ??_C@_1BC@IEBCMHCM@?$AAM?$AAM?$AA?1?$AAd?$AAd?$AA?1?$AAy?$AAy?$AA?$AA@ 000000018000c7c8     libucrt:nlsdata.obj
 0002:000017e0       ??_C@_1CI@KNAKOEBC@?$AAd?$AAd?$AAd?$AAd?$AA?0?$AA?5?$AAM?$AAM?$AAM?$AAM?$AA?5?$AAd?$AAd?$AA?0?$AA?5?$AAy?$AAy?$AAy?$AAy?$AA?$AA@ 000000018000c7e0     libucrt:nlsdata.obj
 0002:00001808       ??_C@_1BC@GDGBMEMK@?$AAH?$AAH?$AA?3?$AAm?$AAm?$AA?3?$AAs?$AAs?$AA?$AA@ 000000018000c808     libucrt:nlsdata.obj
 0002:00001820       ??_C@_1M@BMHNFIME@?$AAe?$AAn?$AA?9?$AAU?$AAS?$AA?$AA@ 000000018000c820     libucrt:nlsdata.obj
 0002:000018d0       ??_C@_1EG@CNNIPFIM@?$AAa?$AAp?$AAi?$AA?9?$AAm?$AAs?$AA?9?$AAw?$AAi?$AAn?$AA?9?$AAa?$AAp?$AAp?$AAm?$AAo?$AAd?$AAe?$AAl?$AA?9?$AAr?$AAu?$AAn?$AAt?$AAi?$AAm?$AAe?$AA?9?$AAl?$AA1?$AA?9?$AA1@ 000000018000c8d0     libucrt:winapi_thunks.obj
 0002:00001920       ??_C@_1EA@JGEFHKEI@?$AAa?$AAp?$AAi?$AA?9?$AAm?$AAs?$AA?9?$AAw?$AAi?$AAn?$AA?9?$AAc?$AAo?$AAr?$AAe?$AA?9?$AAd?$AAa?$AAt?$AAe?$AAt?$AAi?$AAm?$AAe?$AA?9?$AAl?$AA1?$AA?9?$AA1?$AA?9?$AA1?$AA?$AA@ 000000018000c920     libucrt:winapi_thunks.obj
 0002:00001960       ??_C@_1DI@GCIAAENM@?$AAa?$AAp?$AAi?$AA?9?$AAm?$AAs?$AA?9?$AAw?$AAi?$AAn?$AA?9?$AAc?$AAo?$AAr?$AAe?$AA?9?$AAf?$AAi?$AAl?$AAe?$AA?9?$AAl?$AA2?$AA?9?$AA1?$AA?9?$AA1?$AA?$AA@ 000000018000c960     libucrt:winapi_thunks.obj
 0002:000019a0       ??_C@_1EI@MPIAOHOC@?$AAa?$AAp?$AAi?$AA?9?$AAm?$AAs?$AA?9?$AAw?$AAi?$AAn?$AA?9?$AAc?$AAo?$AAr?$AAe?$AA?9?$AAl?$AAo?$AAc?$AAa?$AAl?$AAi?$AAz?$AAa?$AAt?$AAi?$AAo?$AAn?$AA?9?$AAl?$AA1?$AA?9@ 000000018000c9a0     libucrt:winapi_thunks.obj
 0002:000019f0       ??_C@_1FK@FPHCKFIE@?$AAa?$AAp?$AAi?$AA?9?$AAm?$AAs?$AA?9?$AAw?$AAi?$AAn?$AA?9?$AAc?$AAo?$AAr?$AAe?$AA?9?$AAl?$AAo?$AAc?$AAa?$AAl?$AAi?$AAz?$AAa?$AAt?$AAi?$AAo?$AAn?$AA?9?$AAo?$AAb?$AAs@ 000000018000c9f0     libucrt:winapi_thunks.obj
 0002:00001a50       ??_C@_1EM@DILCGIIO@?$AAa?$AAp?$AAi?$AA?9?$AAm?$AAs?$AA?9?$AAw?$AAi?$AAn?$AA?9?$AAc?$AAo?$AAr?$AAe?$AA?9?$AAp?$AAr?$AAo?$AAc?$AAe?$AAs?$AAs?$AAt?$AAh?$AAr?$AAe?$AAa?$AAd?$AAs?$AA?9?$AAl@ 000000018000ca50     libucrt:winapi_thunks.obj
 0002:00001aa0       ??_C@_1DM@LNCGDDPN@?$AAa?$AAp?$AAi?$AA?9?$AAm?$AAs?$AA?9?$AAw?$AAi?$AAn?$AA?9?$AAc?$AAo?$AAr?$AAe?$AA?9?$AAs?$AAt?$AAr?$AAi?$AAn?$AAg?$AA?9?$AAl?$AA1?$AA?9?$AA1?$AA?9?$AA0?$AA?$AA@ 000000018000caa0     libucrt:winapi_thunks.obj
 0002:00001ae0       ??_C@_1DO@FPAPJEMD@?$AAa?$AAp?$AAi?$AA?9?$AAm?$AAs?$AA?9?$AAw?$AAi?$AAn?$AA?9?$AAc?$AAo?$AAr?$AAe?$AA?9?$AAs?$AAy?$AAs?$AAi?$AAn?$AAf?$AAo?$AA?9?$AAl?$AA1?$AA?9?$AA2?$AA?9?$AA1?$AA?$AA@ 000000018000cae0     libucrt:winapi_thunks.obj
 0002:00001b20       ??_C@_1DK@NDHNAHIO@?$AAa?$AAp?$AAi?$AA?9?$AAm?$AAs?$AA?9?$AAw?$AAi?$AAn?$AA?9?$AAc?$AAo?$AAr?$AAe?$AA?9?$AAw?$AAi?$AAn?$AAr?$AAt?$AA?9?$AAl?$AA1?$AA?9?$AA1?$AA?9?$AA0?$AA?$AA@ 000000018000cb20     libucrt:winapi_thunks.obj
 0002:00001b60       ??_C@_1DM@KGHDGBCM@?$AAa?$AAp?$AAi?$AA?9?$AAm?$AAs?$AA?9?$AAw?$AAi?$AAn?$AA?9?$AAc?$AAo?$AAr?$AAe?$AA?9?$AAx?$AAs?$AAt?$AAa?$AAt?$AAe?$AA?9?$AAl?$AA2?$AA?9?$AA1?$AA?9?$AA0?$AA?$AA@ 000000018000cb60     libucrt:winapi_thunks.obj
 0002:00001ba0       ??_C@_1EO@IJIOEFOH@?$AAa?$AAp?$AAi?$AA?9?$AAm?$AAs?$AA?9?$AAw?$AAi?$AAn?$AA?9?$AAr?$AAt?$AAc?$AAo?$AAr?$AAe?$AA?9?$AAn?$AAt?$AAu?$AAs?$AAe?$AAr?$AA?9?$AAw?$AAi?$AAn?$AAd?$AAo?$AAw?$AA?9@ 000000018000cba0     libucrt:winapi_thunks.obj
 0002:00001bf0       ??_C@_1FG@HHGEKANL@?$AAa?$AAp?$AAi?$AA?9?$AAm?$AAs?$AA?9?$AAw?$AAi?$AAn?$AA?9?$AAs?$AAe?$AAc?$AAu?$AAr?$AAi?$AAt?$AAy?$AA?9?$AAs?$AAy?$AAs?$AAt?$AAe?$AAm?$AAf?$AAu?$AAn?$AAc?$AAt?$AAi@ 000000018000cbf0     libucrt:winapi_thunks.obj
 0002:00001c50       ??_C@_1FG@NCKKOLKO@?$AAe?$AAx?$AAt?$AA?9?$AAm?$AAs?$AA?9?$AAw?$AAi?$AAn?$AA?9?$AAk?$AAe?$AAr?$AAn?$AAe?$AAl?$AA3?$AA2?$AA?9?$AAp?$AAa?$AAc?$AAk?$AAa?$AAg?$AAe?$AA?9?$AAc?$AAu?$AAr?$AAr@ 000000018000cc50     libucrt:winapi_thunks.obj
 0002:00001cb0       ??_C@_1EG@DBIOJECG@?$AAe?$AAx?$AAt?$AA?9?$AAm?$AAs?$AA?9?$AAw?$AAi?$AAn?$AA?9?$AAn?$AAt?$AAu?$AAs?$AAe?$AAr?$AA?9?$AAd?$AAi?$AAa?$AAl?$AAo?$AAg?$AAb?$AAo?$AAx?$AA?9?$AAl?$AA1?$AA?9?$AA1@ 000000018000ccb0     libucrt:winapi_thunks.obj
 0002:00001d00       ??_C@_1EO@FIHMJCLF@?$AAe?$AAx?$AAt?$AA?9?$AAm?$AAs?$AA?9?$AAw?$AAi?$AAn?$AA?9?$AAn?$AAt?$AAu?$AAs?$AAe?$AAr?$AA?9?$AAw?$AAi?$AAn?$AAd?$AAo?$AAw?$AAs?$AAt?$AAa?$AAt?$AAi?$AAo?$AAn?$AA?9@ 000000018000cd00     libucrt:winapi_thunks.obj
 0002:00001d50       ??_C@_1O@BCCLBEOE@?$AAu?$AAs?$AAe?$AAr?$AA3?$AA2?$AA?$AA@ 000000018000cd50     libucrt:winapi_thunks.obj
 0002:00001d88       ??_C@_0BE@JOGNEJCI@GetCurrentPackageId?$AA@ 000000018000cd88     libucrt:winapi_thunks.obj
 0002:00001db0       ??_C@_0O@KKBNKAPF@LCMapStringEx?$AA@ 000000018000cdb0     libucrt:winapi_thunks.obj
 0002:00001dc8       ??_C@_0BB@HBDEELFH@LocaleNameToLCID?$AA@ 000000018000cdc8     libucrt:winapi_thunks.obj
 0002:00001e00       ??_C@_1M@HPNHIDJI@?$AAj?$AAa?$AA?9?$AAJ?$AAP?$AA?$AA@ 000000018000ce00     libucrt:mbctype.obj
 0002:00001e10       ??_C@_1M@BIBDDEMK@?$AAz?$AAh?$AA?9?$AAC?$AAN?$AA?$AA@ 000000018000ce10     libucrt:mbctype.obj
 0002:00001e20       ??_C@_1M@JLOOOEGK@?$AAk?$AAo?$AA?9?$AAK?$AAR?$AA?$AA@ 000000018000ce20     libucrt:mbctype.obj
 0002:00001e30       ??_C@_1M@CLNBBOPM@?$AAz?$AAh?$AA?9?$AAT?$AAW?$AA?$AA@ 000000018000ce30     libucrt:mbctype.obj
 0002:00001e40       __newctype                 000000018000ce40     libucrt:ctype.obj
 0002:00002140       __newclmap                 000000018000d140     libucrt:ctype.obj
 0002:000022c0       __newcumap                 000000018000d2c0     libucrt:ctype.obj
 0002:00002440       ??_C@_15PJPFLCCM@?$AAu?$AAk?$AA?$AA@ 000000018000d440     libucrt:get_qualified_locale.obj
 0002:00003290       ??_C@_15EMKDOKLE@?$AAa?$AAr?$AA?$AA@ 000000018000e290     libucrt:lcidtoname_downlevel.obj
 0002:00003298       ??_C@_15KNPADPLH@?$AAb?$AAg?$AA?$AA@ 000000018000e298     libucrt:lcidtoname_downlevel.obj
 0002:000032a0       ??_C@_15EDMHLDMO@?$AAc?$AAa?$AA?$AA@ 000000018000e2a0     libucrt:lcidtoname_downlevel.obj
 0002:000032a8       ??_C@_1O@BPEAJADD@?$AAz?$AAh?$AA?9?$AAC?$AAH?$AAS?$AA?$AA@ 000000018000e2a8     libucrt:lcidtoname_downlevel.obj
 0002:000032b8       ??_C@_15LJNHCMNK@?$AAc?$AAs?$AA?$AA@ 000000018000e2b8     libucrt:lcidtoname_downlevel.obj
 0002:000032c0       ??_C@_15FOMCIDHG@?$AAd?$AAa?$AA?$AA@ 000000018000e2c0     libucrt:lcidtoname_downlevel.obj
 0002:000032c8       ??_C@_15NBKABECB@?$AAd?$AAe?$AA?$AA@ 000000018000e2c8     libucrt:lcidtoname_downlevel.obj
 0002:000032d0       ??_C@_15GHPEIIAO@?$AAe?$AAl?$AA?$AA@ 000000018000e2d0     libucrt:lcidtoname_downlevel.obj
 0002:000032d8       ??_C@_15MNPNEAIF@?$AAe?$AAn?$AA?$AA@ 000000018000e2d8     libucrt:lcidtoname_downlevel.obj
 0002:000032e0       ??_C@_15GPIOMPMH@?$AAe?$AAs?$AA?$AA@ 000000018000e2e0     libucrt:lcidtoname_downlevel.obj
 0002:000032e8       ??_C@_15NGLOAKJC@?$AAf?$AAi?$AA?$AA@ 000000018000e2e8     libucrt:lcidtoname_downlevel.obj
 0002:000032f0       ??_C@_15FBKGNKAM@?$AAf?$AAr?$AA?$AA@ 000000018000e2f0     libucrt:lcidtoname_downlevel.obj
 0002:000032f8       ??_C@_15KGGCNEFK@?$AAh?$AAe?$AA?$AA@ 000000018000e2f8     libucrt:lcidtoname_downlevel.obj
 0002:00003300       ??_C@_15PGHLIDMF@?$AAh?$AAu?$AA?$AA@ 000000018000e300     libucrt:lcidtoname_downlevel.obj
 0002:00003308       ??_C@_15BIEMAPLM@?$AAi?$AAs?$AA?$AA@ 000000018000e308     libucrt:lcidtoname_downlevel.obj
 0002:00003310       ??_C@_15IFJLDHAF@?$AAi?$AAt?$AA?$AA@ 000000018000e310     libucrt:lcidtoname_downlevel.obj
 0002:00003318       ??_C@_15GEMIOCAG@?$AAj?$AAa?$AA?$AA@ 000000018000e318     libucrt:lcidtoname_downlevel.obj
 0002:00003320       ??_C@_15EPELEGJA@?$AAk?$AAo?$AA?$AA@ 000000018000e320     libucrt:lcidtoname_downlevel.obj
 0002:00003328       ??_C@_15NDDHIMN@?$AAn?$AAl?$AA?$AA@ 000000018000e328     libucrt:lcidtoname_downlevel.obj
 0002:00003330       ??_C@_15BPIGNHCD@?$AAn?$AAo?$AA?$AA@ 000000018000e330     libucrt:lcidtoname_downlevel.obj
 0002:00003338       ??_C@_15DEOPBLCG@?$AAp?$AAl?$AA?$AA@ 000000018000e338     libucrt:lcidtoname_downlevel.obj
 0002:00003340       ??_C@_15KBECGEFG@?$AAp?$AAt?$AA?$AA@ 000000018000e340     libucrt:lcidtoname_downlevel.obj
 0002:00003348       ??_C@_15GLJCBFMD@?$AAr?$AAo?$AA?$AA@ 000000018000e348     libucrt:lcidtoname_downlevel.obj
 0002:00003350       ??_C@_15FEDGKCDI@?$AAr?$AAu?$AA?$AA@ 000000018000e350     libucrt:lcidtoname_downlevel.obj
 0002:00003358       ??_C@_15GLKMLLHM@?$AAh?$AAr?$AA?$AA@ 000000018000e358     libucrt:lcidtoname_downlevel.obj
 0002:00003360       ??_C@_15CPKMFBDB@?$AAs?$AAk?$AA?$AA@ 000000018000e360     libucrt:lcidtoname_downlevel.obj
 0002:00003368       ??_C@_15BAAIOGMK@?$AAs?$AAq?$AA?$AA@ 000000018000e368     libucrt:lcidtoname_downlevel.obj
 0002:00003370       ??_C@_15INNPNOHD@?$AAs?$AAv?$AA?$AA@ 000000018000e370     libucrt:lcidtoname_downlevel.obj
 0002:00003378       ??_C@_15CABMMOGH@?$AAt?$AAh?$AA?$AA@ 000000018000e378     libucrt:lcidtoname_downlevel.obj
 0002:00003380       ??_C@_15BPLIHJJM@?$AAt?$AAr?$AA?$AA@ 000000018000e380     libucrt:lcidtoname_downlevel.obj
 0002:00003388       ??_C@_15NEOEKKDJ@?$AAu?$AAr?$AA?$AA@ 000000018000e388     libucrt:lcidtoname_downlevel.obj
 0002:00003390       ??_C@_15NFICGAJK@?$AAi?$AAd?$AA?$AA@ 000000018000e390     libucrt:lcidtoname_downlevel.obj
 0002:00003398       ??_C@_15HPJPHDM@?$AAb?$AAe?$AA?$AA@ 000000018000e398     libucrt:lcidtoname_downlevel.obj
 0002:000033a0       ??_C@_15LCHLGJII@?$AAs?$AAl?$AA?$AA@ 000000018000e3a0     libucrt:lcidtoname_downlevel.obj
 0002:000033a8       ??_C@_15PCFJPHHO@?$AAe?$AAt?$AA?$AA@ 000000018000e3a8     libucrt:lcidtoname_downlevel.obj
 0002:000033b0       ??_C@_15HPFPGODN@?$AAl?$AAv?$AA?$AA@ 000000018000e3b0     libucrt:lcidtoname_downlevel.obj
 0002:000033b8       ??_C@_15NFFGKGLG@?$AAl?$AAt?$AA?$AA@ 000000018000e3b8     libucrt:lcidtoname_downlevel.obj
 0002:000033c0       ??_C@_15BDAKCCHN@?$AAf?$AAa?$AA?$AA@ 000000018000e3c0     libucrt:lcidtoname_downlevel.obj
 0002:000033c8       ??_C@_15NFGIAIAJ@?$AAv?$AAi?$AA?$AA@ 000000018000e3c8     libucrt:lcidtoname_downlevel.obj
 0002:000033d0       ??_C@_15LMKNDMHN@?$AAh?$AAy?$AA?$AA@ 000000018000e3d0     libucrt:lcidtoname_downlevel.obj
 0002:000033d8       ??_C@_15IJBHMCFL@?$AAa?$AAz?$AA?$AA@ 000000018000e3d8     libucrt:lcidtoname_downlevel.obj
 0002:000033e0       ??_C@_15EKOFJABL@?$AAe?$AAu?$AA?$AA@ 000000018000e3e0     libucrt:lcidtoname_downlevel.obj
 0002:000033e8       ??_C@_15BGHADCNK@?$AAm?$AAk?$AA?$AA@ 000000018000e3e8     libucrt:lcidtoname_downlevel.obj
 0002:000033f0       ??_C@_15JDNICKHM@?$AAa?$AAf?$AA?$AA@ 000000018000e3f0     libucrt:lcidtoname_downlevel.obj
 0002:000033f8       ??_C@_15KPJEDBKD@?$AAk?$AAa?$AA?$AA@ 000000018000e3f8     libucrt:lcidtoname_downlevel.obj
 0002:00003400       ??_C@_15PDNFFFEO@?$AAf?$AAo?$AA?$AA@ 000000018000e400     libucrt:lcidtoname_downlevel.obj
 0002:00003408       ??_C@_15OMLEGLOC@?$AAh?$AAi?$AA?$AA@ 000000018000e408     libucrt:lcidtoname_downlevel.obj
 0002:00003410       ??_C@_15IDNNENKK@?$AAm?$AAs?$AA?$AA@ 000000018000e410     libucrt:lcidtoname_downlevel.obj
 0002:00003418       ??_C@_15MACJNBMH@?$AAk?$AAk?$AA?$AA@ 000000018000e418     libucrt:lcidtoname_downlevel.obj
 0002:00003420       ??_C@_15DKDJEOND@?$AAk?$AAy?$AA?$AA@ 000000018000e420     libucrt:lcidtoname_downlevel.obj
 0002:00003428       ??_C@_15DFGDLJBG@?$AAs?$AAw?$AA?$AA@ 000000018000e428     libucrt:lcidtoname_downlevel.obj
 0002:00003430       ??_C@_15BBFAICNG@?$AAu?$AAz?$AA?$AA@ 000000018000e430     libucrt:lcidtoname_downlevel.obj
 0002:00003438       ??_C@_15DKNDCGEA@?$AAt?$AAt?$AA?$AA@ 000000018000e438     libucrt:lcidtoname_downlevel.obj
 0002:00003440       ??_C@_15MGIFMDPL@?$AAp?$AAa?$AA?$AA@ 000000018000e440     libucrt:lcidtoname_downlevel.obj
 0002:00003448       ??_C@_15HCNDBBA@?$AAg?$AAu?$AA?$AA@ 000000018000e448     libucrt:lcidtoname_downlevel.obj
 0002:00003450       ??_C@_15FNBEIBON@?$AAt?$AAa?$AA?$AA@ 000000018000e450     libucrt:lcidtoname_downlevel.obj
 0002:00003458       ??_C@_15NCHGBGLK@?$AAt?$AAe?$AA?$AA@ 000000018000e458     libucrt:lcidtoname_downlevel.obj
 0002:00003460       ??_C@_15PHPHCBPF@?$AAk?$AAn?$AA?$AA@ 000000018000e460     libucrt:lcidtoname_downlevel.obj
 0002:00003468       ??_C@_15DLGBCKMP@?$AAm?$AAr?$AA?$AA@ 000000018000e468     libucrt:lcidtoname_downlevel.obj
 0002:00003470       ??_C@_15EABBLBFF@?$AAs?$AAa?$AA?$AA@ 000000018000e470     libucrt:lcidtoname_downlevel.obj
 0002:00003478       ??_C@_15CBKOMCOI@?$AAm?$AAn?$AA?$AA@ 000000018000e478     libucrt:lcidtoname_downlevel.obj
 0002:00003480       ??_C@_15CKDMCJAF@?$AAg?$AAl?$AA?$AA@ 000000018000e480     libucrt:lcidtoname_downlevel.obj
 0002:00003488       ??_C@_17CNJFBPG@?$AAk?$AAo?$AAk?$AA?$AA@ 000000018000e488     libucrt:lcidtoname_downlevel.obj
 0002:00003490       ??_C@_17FFBJICPL@?$AAs?$AAy?$AAr?$AA?$AA@ 000000018000e490     libucrt:lcidtoname_downlevel.obj
 0002:00003498       ??_C@_17KPNDCPAF@?$AAd?$AAi?$AAv?$AA?$AA@ 000000018000e498     libucrt:lcidtoname_downlevel.obj
 0002:000034a0       ??_C@_1M@OKAHONE@?$AAa?$AAr?$AA?9?$AAS?$AAA?$AA?$AA@ 000000018000e4a0     libucrt:lcidtoname_downlevel.obj
 0002:000034b0       ??_C@_1M@FFFIGIGK@?$AAb?$AAg?$AA?9?$AAB?$AAG?$AA?$AA@ 000000018000e4b0     libucrt:lcidtoname_downlevel.obj
 0002:000034c0       ??_C@_1M@BJNKEDC@?$AAc?$AAa?$AA?9?$AAE?$AAS?$AA?$AA@ 000000018000e4c0     libucrt:lcidtoname_downlevel.obj
 0002:000034d0       ??_C@_1M@IJJHFJHA@?$AAc?$AAs?$AA?9?$AAC?$AAZ?$AA?$AA@ 000000018000e4d0     libucrt:lcidtoname_downlevel.obj
 0002:000034e0       ??_C@_1M@CLPEOBGI@?$AAd?$AAa?$AA?9?$AAD?$AAK?$AA?$AA@ 000000018000e4e0     libucrt:lcidtoname_downlevel.obj
 0002:000034f0       ??_C@_1M@MCMADGCB@?$AAd?$AAe?$AA?9?$AAD?$AAE?$AA?$AA@ 000000018000e4f0     libucrt:lcidtoname_downlevel.obj
 0002:00003500       ??_C@_1M@OOCKEMAM@?$AAe?$AAl?$AA?9?$AAG?$AAR?$AA?$AA@ 000000018000e500     libucrt:lcidtoname_downlevel.obj
 0002:00003510       ??_C@_1M@DDNJFGID@?$AAf?$AAi?$AA?9?$AAF?$AAI?$AA?$AA@ 000000018000e510     libucrt:lcidtoname_downlevel.obj
 0002:00003520       ??_C@_1M@GLIPPMAC@?$AAf?$AAr?$AA?9?$AAF?$AAR?$AA?$AA@ 000000018000e520     libucrt:lcidtoname_downlevel.obj
 0002:00003530       ??_C@_1M@GFMCHPE@?$AAh?$AAe?$AA?9?$AAI?$AAL?$AA?$AA@ 000000018000e530     libucrt:lcidtoname_downlevel.obj
 0002:00003540       ??_C@_1M@MHLPGNKM@?$AAh?$AAu?$AA?9?$AAH?$AAU?$AA?$AA@ 000000018000e540     libucrt:lcidtoname_downlevel.obj
 0002:00003550       ??_C@_1M@LPDDNNPN@?$AAi?$AAs?$AA?9?$AAI?$AAS?$AA?$AA@ 000000018000e550     libucrt:lcidtoname_downlevel.obj
 0002:00003560       ??_C@_1M@MADIPODN@?$AAi?$AAt?$AA?9?$AAI?$AAT?$AA?$AA@ 000000018000e560     libucrt:lcidtoname_downlevel.obj
 0002:00003570       ??_C@_1M@IHBJJGG@?$AAn?$AAl?$AA?9?$AAN?$AAL?$AA?$AA@ 000000018000e570     libucrt:lcidtoname_downlevel.obj
 0002:00003580       ??_C@_1M@EANAGDL@?$AAn?$AAb?$AA?9?$AAN?$AAO?$AA?$AA@ 000000018000e580     libucrt:lcidtoname_downlevel.obj
 0002:00003590       ??_C@_1M@NEIEMEGP@?$AAp?$AAl?$AA?9?$AAP?$AAL?$AA?$AA@ 000000018000e590     libucrt:lcidtoname_downlevel.obj
 0002:000035a0       ??_C@_1M@BOCFIGEP@?$AAp?$AAt?$AA?9?$AAB?$AAR?$AA?$AA@ 000000018000e5a0     libucrt:lcidtoname_downlevel.obj
 0002:000035b0       ??_C@_1M@IMPFOPBG@?$AAr?$AAo?$AA?9?$AAR?$AAO?$AA?$AA@ 000000018000e5b0     libucrt:lcidtoname_downlevel.obj
 0002:000035c0       ??_C@_1M@IDNNEJMM@?$AAr?$AAu?$AA?9?$AAR?$AAU?$AA?$AA@ 000000018000e5c0     libucrt:lcidtoname_downlevel.obj
 0002:000035d0       ??_C@_1M@LILEEOGM@?$AAh?$AAr?$AA?9?$AAH?$AAR?$AA?$AA@ 000000018000e5d0     libucrt:lcidtoname_downlevel.obj
 0002:000035e0       ??_C@_1M@FKIFEHPB@?$AAs?$AAk?$AA?9?$AAS?$AAK?$AA?$AA@ 000000018000e5e0     libucrt:lcidtoname_downlevel.obj
 0002:000035f0       ??_C@_1M@LJMAMNPJ@?$AAs?$AAq?$AA?9?$AAA?$AAL?$AA?$AA@ 000000018000e5f0     libucrt:lcidtoname_downlevel.obj
 0002:00003600       ??_C@_1M@GIAKDKJK@?$AAs?$AAv?$AA?9?$AAS?$AAE?$AA?$AA@ 000000018000e600     libucrt:lcidtoname_downlevel.obj
 0002:00003610       ??_C@_1M@MKJKIKCL@?$AAt?$AAh?$AA?9?$AAT?$AAH?$AA?$AA@ 000000018000e610     libucrt:lcidtoname_downlevel.obj
 0002:00003620       ??_C@_1M@MFLCCMPB@?$AAt?$AAr?$AA?9?$AAT?$AAR?$AA?$AA@ 000000018000e620     libucrt:lcidtoname_downlevel.obj
 0002:00003630       ??_C@_1M@OIJHDKJN@?$AAu?$AAr?$AA?9?$AAP?$AAK?$AA?$AA@ 000000018000e630     libucrt:lcidtoname_downlevel.obj
 0002:00003640       ??_C@_1M@LHIPCIEK@?$AAi?$AAd?$AA?9?$AAI?$AAD?$AA?$AA@ 000000018000e640     libucrt:lcidtoname_downlevel.obj
 0002:00003650       ??_C@_1M@MFMOBGI@?$AAu?$AAk?$AA?9?$AAU?$AAA?$AA?$AA@ 000000018000e650     libucrt:lcidtoname_downlevel.obj
 0002:00003660       ??_C@_1M@OBGLJIPL@?$AAb?$AAe?$AA?9?$AAB?$AAY?$AA?$AA@ 000000018000e660     libucrt:lcidtoname_downlevel.obj
 0002:00003670       ??_C@_1M@BCFAJEAD@?$AAs?$AAl?$AA?9?$AAS?$AAI?$AA?$AA@ 000000018000e670     libucrt:lcidtoname_downlevel.obj
 0002:00003680       ??_C@_1M@FKFFEDDN@?$AAe?$AAt?$AA?9?$AAE?$AAE?$AA?$AA@ 000000018000e680     libucrt:lcidtoname_downlevel.obj
[...]
 0004:000005b8       $pdata$?replace_current_thread_locale_nolock@@YAXQEAU__acrt_ptd@@QEAU__crt_locale_data@@@Z 00000001800165b8     libucrt:per_thread_data.obj
 0004:000005c4       $pdata$__acrt_freeptd      00000001800165c4     libucrt:per_thread_data.obj
 0004:000005d0       $pdata$__acrt_getptd       00000001800165d0     libucrt:per_thread_data.obj
 0004:000005dc       $pdata$__acrt_getptd_noexit 00000001800165dc     libucrt:per_thread_data.obj
 0004:000005e8       $pdata$__acrt_initialize_ptd 00000001800165e8     libucrt:per_thread_data.obj
 0004:000005f4       $pdata$__acrt_uninitialize_ptd 00000001800165f4     libucrt:per_thread_data.obj
 0004:00000600       $pdata$__acrt_update_locale_info 0000000180016600     libucrt:locale_update.obj
 0004:0000060c       $pdata$__acrt_update_multibyte_info 000000018001660c     libucrt:locale_update.obj
 0004:00000618       $pdata$__acrt_uninitialize_locale 0000000180016618     libucrt:wsetlocale.obj
 0004:00000624       $pdata$__acrt_initialize_locks 0000000180016624     libucrt:locks.obj
 0004:00000630       $pdata$__acrt_uninitialize_locks 0000000180016630     libucrt:locks.obj
 0004:0000063c       $pdata$?try_get_function@@YAPEAXW4function_id@?A0x1dd686d3@@QEBDQEBW4module_id@2@2@Z 000000018001663c     libucrt:winapi_thunks.obj
 0004:00000648       $pdata$__acrt_FlsAlloc     0000000180016648     libucrt:winapi_thunks.obj
 0004:00000654       $pdata$__acrt_FlsFree      0000000180016654     libucrt:winapi_thunks.obj
 0004:00000660       $pdata$__acrt_FlsGetValue  0000000180016660     libucrt:winapi_thunks.obj
 0004:0000066c       $pdata$__acrt_FlsSetValue  000000018001666c     libucrt:winapi_thunks.obj
 0004:00000678       $pdata$__acrt_InitializeCriticalSectionEx 0000000180016678     libucrt:winapi_thunks.obj
 0004:00000684       $pdata$__acrt_LCMapStringEx 0000000180016684     libucrt:winapi_thunks.obj
 0004:00000690       $pdata$__acrt_LocaleNameToLCID 0000000180016690     libucrt:winapi_thunks.obj
 0004:0000069c       $pdata$__acrt_initialize_winapi_thunks 000000018001669c     libucrt:winapi_thunks.obj
 0004:000006a8       $pdata$__acrt_is_packaged_app 00000001800166a8     libucrt:winapi_thunks.obj
 0004:000006b4       $pdata$__acrt_uninitialize_winapi_thunks 00000001800166b4     libucrt:winapi_thunks.obj
 0004:000006c0       $pdata$??$?RV<lambda_99476a1ad63dd22509b5d3e65b0ffc95>@@AEAV<lambda_ad1ced32f4ac17aa236e5ef05d6b3b7c>@@V<lambda_f7424dd8d45958661754dc4f2697e9c3>@@@?$__crt_seh_guarded_call@X@@QEAAX$$QEAV<lambda_99476a1ad63dd22509b5d3e65b0ffc95>@@AEAV<lambda_ad1ced32f4ac17aa236e5ef05d6b3b7c>@@$$QEAV<lambda_f7424dd8d45958661754dc4f2697e9c3>@@@Z 00000001800166c0     libucrt:mbctype.obj
 0004:000006cc       $pdata$??R<lambda_ad1ced32f4ac17aa236e5ef05d6b3b7c>@@QEBAXXZ 00000001800166cc     libucrt:mbctype.obj
 0004:000006d8       $pdata$?getSystemCP@@YAHH@Z 00000001800166d8     libucrt:mbctype.obj
 0004:000006e4       $pdata$?setSBCS@@YAXPEAU__crt_multibyte_data@@@Z 00000001800166e4     libucrt:mbctype.obj
 0004:000006f0       $pdata$?setSBUpLow@@YAXPEAU__crt_multibyte_data@@@Z 00000001800166f0     libucrt:mbctype.obj
 0004:000006fc       $pdata$?setmbcp_internal@@YAHH_N@Z 00000001800166fc     libucrt:mbctype.obj
 0004:00000708       $pdata$__acrt_initialize_multibyte 0000000180016708     libucrt:mbctype.obj
 0004:00000714       $pdata$__acrt_update_thread_multibyte_data 0000000180016714     libucrt:mbctype.obj
 0004:00000720       $pdata$_setmbcp_nolock     0000000180016720     libucrt:mbctype.obj
 0004:0000072c       $pdata$__dcrt_get_narrow_environment_from_os 000000018001672c     libucrt:get_environment_from_os.obj
 0004:00000738       $pdata$_recalloc_base      0000000180016738     libucrt:recalloc.obj
 0004:00000744       $pdata$__acrt_initialize_heap 0000000180016744     libucrt:heap_handle.obj
 0004:00000750       $pdata$?initialize_inherited_file_handles_nolock@@YAXXZ 0000000180016750     libucrt:ioinit.obj
 0004:0000075c       $pdata$?initialize_stdio_handles_nolock@@YAXXZ 000000018001675c     libucrt:ioinit.obj
 0004:00000768       $pdata$__acrt_initialize_lowio 0000000180016768     libucrt:ioinit.obj
 0004:00000774       $pdata$__acrt_uninitialize_lowio 0000000180016774     libucrt:ioinit.obj
 0004:00000780       $pdata$__acrt_initialize_command_line 0000000180016780     libucrt:argv_data.obj
 0004:0000078c       $pdata$__acrt_execute_initializers 000000018001678c     libucrt:shared_initialization.obj
 0004:00000798       $pdata$__acrt_execute_uninitializers 0000000180016798     libucrt:shared_initialization.obj
 0004:000007a4       $pdata$_callnewh           00000001800167a4     libucrt:new_handler.obj
 0004:000007b0       $pdata$_query_new_handler  00000001800167b0     libucrt:new_handler.obj
 0004:000007bc       $pdata$??$?RV<lambda_c36588078e9f5dfd39652860aa6b3aaf>@@AEAV<lambda_ec61778202f4f5fc7e7711acc23c3bca>@@V<lambda_dc9d2797ccde5d239b4a0efae8ebd7db>@@@?$__crt_seh_guarded_call@P6AXH@Z@@QEAAP6AXH@Z$$QEAV<lambda_c36588078e9f5dfd39652860aa6b3aaf>@@AEAV<lambda_ec61778202f4f5fc7e7711acc23c3bca>@@$$QEAV<lambda_dc9d2797ccde5d239b4a0efae8ebd7db>@@@Z 00000001800167bc     libucrt:signal.obj
 0004:000007c8       $pdata$__acrt_get_sigabrt_handler 00000001800167c8     libucrt:signal.obj
 0004:000007d4       $pdata$raise               00000001800167d4     libucrt:signal.obj
 0004:000007e0       $pdata$__acrt_invoke_user_matherr 00000001800167e0     libucrt:matherr.obj
 0004:000007ec       $pdata$_mbtowc_l           00000001800167ec     libucrt:mbtowc.obj
 0004:000007f8       $pdata$_fileno             00000001800167f8     libucrt:fileno.obj
 0004:00000804       $pdata$__acrt_initialize_stdio 0000000180016804     libucrt:_file.obj
 0004:00000810       $pdata$__acrt_uninitialize_stdio 0000000180016810     libucrt:_file.obj
 0004:0000081c       $pdata$__pctype_func       000000018001681c     libucrt:ctype.obj
 0004:00000828       $pdata$_isctype_l          0000000180016828     libucrt:isctype.obj
 0004:00000834       $pdata$_isleadbyte_l       0000000180016834     libucrt:_wctype.obj
 0004:00000840       $pdata$?__acrt_LCMapStringA_stat@@YAHPEAU__crt_locale_pointers@@PEB_WKPEBDHPEADHHH@Z 0000000180016840     libucrt:lcmapstringa.obj
 0004:0000084c       $pdata$__acrt_LCMapStringA 000000018001684c     libucrt:lcmapstringa.obj
 0004:00000858       $pdata$__acrt_free_locale  0000000180016858     libucrt:locale_refcounting.obj
 0004:00000864       $pdata$__acrt_locale_free_lc_time_if_unreferenced 0000000180016864     libucrt:locale_refcounting.obj
 0004:00000870       $pdata$__acrt_release_locale_ref 0000000180016870     libucrt:locale_refcounting.obj
 0004:0000087c       $pdata$__acrt_update_thread_locale_data 000000018001687c     libucrt:locale_refcounting.obj
 0004:00000888       $pdata$_updatetlocinfoEx_nolock 0000000180016888     libucrt:locale_refcounting.obj
 0004:00000894       $pdata$__acrt_locale_free_monetary 0000000180016894     libucrt:initmon.obj
 0004:000008a0       $pdata$__acrt_locale_free_numeric 00000001800168a0     libucrt:initnum.obj
 0004:000008ac       $pdata$?free_crt_array_internal@@YAXQEAPEBX_K@Z 00000001800168ac     libucrt:inittime.obj
 0004:000008b8       $pdata$__acrt_locale_free_time 00000001800168b8     libucrt:inittime.obj
 0004:000008c4       $pdata$__acrt_GetStringTypeA 00000001800168c4     libucrt:getstringtypea.obj
 0004:000008d0       $pdata$?GetTableIndexFromLocaleName@@YAHPEB_W@Z 00000001800168d0     libucrt:lcidtoname_downlevel.obj
 0004:000008dc       $pdata$__acrt_DownlevelLocaleNameToLCID 00000001800168dc     libucrt:lcidtoname_downlevel.obj
 0004:000008e8       $pdata$?initialize_multibyte@@YAHXZ 00000001800168e8     libucrt:multibyte_initializer.obj
 0004:000008f4       $pdata$_msize              00000001800168f4     libucrt:msize.obj
 0004:00000900       $pdata$_realloc_base       0000000180016900     libucrt:realloc_base.obj
 0004:0000090c       $pdata$__acrt_lowio_create_handle_array 000000018001690c     libucrt:osfinfo.obj
 0004:00000918       $pdata$__acrt_lowio_destroy_handle_array 0000000180016918     libucrt:osfinfo.obj
 0004:00000924       $pdata$__acrt_lowio_ensure_fh_exists 0000000180016924     libucrt:osfinfo.obj
 0004:00000930       $pdata$_free_osfhnd        0000000180016930     libucrt:osfinfo.obj
 0004:0000093c       $pdata$_get_osfhandle      000000018001693c     libucrt:osfinfo.obj
 0004:00000948       $pdata$_isatty             0000000180016948     libucrt:isatty.obj
 0004:00000954       $pdata$__acrt_stdio_flush_nolock 0000000180016954     libucrt:fflush.obj
 0004:00000960       $pdata$_fflush_nolock      0000000180016960     libucrt:fflush.obj
 0004:0000096c       $pdata$common_flush_all    000000018001696c     libucrt:fflush.obj
 0004:00000978       $pdata$_fcloseall          0000000180016978     libucrt:closeall.obj
 0004:00000984       $pdata$__acrt_stdio_free_buffer_nolock 0000000180016984     libucrt:_freebuf.obj
 0004:00000990       $pdata$??$?RV<lambda_b521505b218e5242e90febf6bfebc422>@@AEAV<lambda_6978c1fb23f02e42e1d9e99668cc68aa>@@V<lambda_314360699dd331753a4119843814e9a7>@@@?$__crt_seh_guarded_call@H@@QEAAH$$QEAV<lambda_b521505b218e5242e90febf6bfebc422>@@AEAV<lambda_6978c1fb23f02e42e1d9e99668cc68aa>@@$$QEAV<lambda_314360699dd331753a4119843814e9a7>@@@Z 0000000180016990     libucrt:commit.obj
 0004:0000099c       $pdata$_commit             000000018001699c     libucrt:commit.obj
 0004:000009a8       $pdata$?write_double_translated_ansi_nolock@@YA?AUwrite_result@?A0x4392dfaa@@HQEBDI@Z 00000001800169a8     libucrt:write.obj
 0004:000009b4       $pdata$?write_text_ansi_nolock@@YA?AUwrite_result@?A0x4392dfaa@@HQEBDI@Z 00000001800169b4     libucrt:write.obj
 0004:000009c0       $pdata$?write_text_utf16le_nolock@@YA?AUwrite_result@?A0x4392dfaa@@HQEBDI@Z 00000001800169c0     libucrt:write.obj
 0004:000009cc       $pdata$?write_text_utf8_nolock@@YA?AUwrite_result@?A0x4392dfaa@@HQEBDI@Z 00000001800169cc     libucrt:write.obj
 0004:000009d8       $pdata$_write              00000001800169d8     libucrt:write.obj
 0004:000009e4       $pdata$_write_nolock       00000001800169e4     libucrt:write.obj
 0004:000009fc       $pdata$??$common_lseek_nolock@_J@@YA_JH_JH@Z 00000001800169fc     libucrt:lseek.obj
 0004:00000a08       $pdata$_fclose_nolock      0000000180016a08     libucrt:fclose.obj
 0004:00000a14       $pdata$fclose              0000000180016a14     libucrt:fclose.obj
 0004:00000a20       $pdata$_putwch_nolock      0000000180016a20     libucrt:putwch.obj
 0004:00000a2c       $pdata$_call_matherr       0000000180016a2c     libucrt:libm_error.obj
 0004:00000a38       $pdata$_exception_enabled  0000000180016a38     libucrt:libm_error.obj
 0004:00000a44       $pdata$_handle_error       0000000180016a44     libucrt:libm_error.obj
 0004:00000a50       $pdata$__acrt_initialize_fma3 0000000180016a50     libucrt:fma3_available.obj
 0004:00000a5c       $pdata$_log10_special      0000000180016a5c     libucrt:log_special.obj
 0004:00000a68       $pdata$_log_special_common 0000000180016a68     libucrt:log_special.obj
 0004:00000a74       $pdata$??$?RV<lambda_bfedae4ebbf01fab1bb6dcc6a9e276e0>@@AEAV<lambda_2fe9b910cf3cbf4a0ab98a02ba45b3ec>@@V<lambda_237c231691f317818eb88cc1d5d642d6>@@@?$__crt_seh_guarded_call@H@@QEAAH$$QEAV<lambda_bfedae4ebbf01fab1bb6dcc6a9e276e0>@@AEAV<lambda_2fe9b910cf3cbf4a0ab98a02ba45b3ec>@@$$QEAV<lambda_237c231691f317818eb88cc1d5d642d6>@@@Z 0000000180016a74     libucrt:close.obj
 0004:00000a80       $pdata$_close              0000000180016a80     libucrt:close.obj
 0004:00000a8c       $pdata$_close_nolock       0000000180016a8c     libucrt:close.obj
 0004:00000a98       $pdata$__dcrt_lowio_initialize_console_output 0000000180016a98     libucrt:initcon.obj
 0004:00000aa4       $pdata$__dcrt_terminate_console_output 0000000180016aa4     libucrt:initcon.obj
 0004:00000abc       $pdata$_raise_exc          0000000180016abc     libucrt:fpexcept.obj
 0004:00000ac8       $pdata$_raise_exc_ex       0000000180016ac8     libucrt:fpexcept.obj
 0004:00000ad4       $pdata$_set_errno_from_matherr 0000000180016ad4     libucrt:fpexcept.obj
 0004:00000ae0       $pdata$_clrfp              0000000180016ae0     libucrt:fpctrl.obj
 0004:00000aec       $pdata$_ctrlfp             0000000180016aec     libucrt:fpctrl.obj
 0004:00000af8       $pdata$_set_statfp         0000000180016af8     libucrt:fpctrl.obj
 0004:00000b04       $pdata$_statfp             0000000180016b04     libucrt:fpctrl.obj
 0004:00000b10       $pdata$?DloadAcquireSectionWriteAccess@@YAXXZ 0000000180016b10     DelayImp:delayhlp.obj
 0004:00000b1c       $pdata$?DloadGetSRWLockFunctionPointers@@YAEXZ 0000000180016b1c     DelayImp:delayhlp.obj
 0004:00000b28       $pdata$?DloadMakePermanentImageCommit@@YAXPEAX_K@Z 0000000180016b28     DelayImp:delayhlp.obj
 0004:00000b34       $pdata$?DloadObtainSection@@YAPEAXPEAK0@Z 0000000180016b34     DelayImp:delayhlp.obj
 0004:00000b40       $pdata$?DloadProtectSection@@YAXKPEAK@Z 0000000180016b40     DelayImp:delayhlp.obj
 0004:00000b4c       $pdata$?DloadReleaseSectionWriteAccess@@YAXXZ 0000000180016b4c     DelayImp:delayhlp.obj
 0004:00000b58       $pdata$__delayLoadHelper2  0000000180016b58     DelayImp:delayhlp.obj
 0004:00000b64       $pdata$__GSHandlerCheck    0000000180016b64     LIBCMT:_gshandler_.obj
 0004:00000b70       $pdata$__GSHandlerCheckCommon 0000000180016b70     LIBCMT:_gshandler_.obj
 0004:00000b7c       $pdata$_IsNonwritableInCurrentImage 0000000180016b7c     LIBCMT:pesect.obj
 0004:00000bb8       $pdata$?fin$0@?0??dllmain_crt_process_attach@@YAHQEAUHINSTANCE__@@QEAX@Z@4HA 0000000180016bb8     LIBCMT:dll_dllmain.obj
 0004:00000bc4       $pdata$?fin$0@?0??dllmain_crt_process_detach@@YAH_N@Z@4HA 0000000180016bc4     LIBCMT:dll_dllmain.obj
 0004:00000bd0       $pdata$?filt$0@?0??dllmain_dispatch@@YAHQEAUHINSTANCE__@@KQEAX@Z@4HA 0000000180016bd0     LIBCMT:dll_dllmain.obj
 0004:00000bdc       $pdata$__scrt_is_nonwritable_in_current_image$filt$0 0000000180016bdc     LIBCMT:utility.obj
 0004:00000be8       $pdata$?filt$0@?0??common_exit@@YAXHW4_crt_exit_cleanup_mode@@W4_crt_exit_return_mode@@@Z@4HA 0000000180016be8     libucrt:exit.obj
 0004:00000bf4       $pdata$?fin$1@?0??common_exit@@YAXHW4_crt_exit_cleanup_mode@@W4_crt_exit_return_mode@@@Z@4HA 0000000180016bf4     libucrt:exit.obj
 0004:00000c00       $pdata$?fin$0@?0???$?RV<lambda_e24bbb7b643b32fcea6fa61b31d4c984>@@AEAV<lambda_275893d493268fdec8709772e3fcec0e>@@V<lambda_9d71df4d7cf3f480f8d633942495c3b0>@@@?$__crt_seh_guarded_call@H@@QEAAH$$QEAV<lambda_e24bbb7b643b32fcea6fa61b31d4c984>@@AEAV<lambda_275893d493268fdec8709772e3fcec0e>@@$$QEAV<lambda_9d71df4d7cf3f480f8d633942495c3b0>@@@Z@4HA 0000000180016c00     libucrt:onexit.obj
 0004:00000c0c       $pdata$?fin$0@?0???$?RV<lambda_c36588078e9f5dfd39652860aa6b3aaf>@@AEAV<lambda_ec61778202f4f5fc7e7711acc23c3bca>@@V<lambda_dc9d2797ccde5d239b4a0efae8ebd7db>@@@?$__crt_seh_guarded_call@P6AXH@Z@@QEAAP6AXH@Z$$QEAV<lambda_c36588078e9f5dfd39652860aa6b3aaf>@@AEAV<lambda_ec61778202f4f5fc7e7711acc23c3bca>@@$$QEAV<lambda_dc9d2797ccde5d239b4a0efae8ebd7db>@@@Z@4HA 0000000180016c0c     libucrt:signal.obj
 0004:00000c0c       $pdata$?fin$0@?0???$?RV<lambda_b8c45f8f788dd370798f47cfe8ac3a86>@@AEAV<lambda_4e60a939b0d047cfe11ddc22648dfba9>@@V<lambda_332c3edc96d0294ec56c57d38c1cdfd5>@@@?$__crt_seh_guarded_call@H@@QEAAH$$QEAV<lambda_b8c45f8f788dd370798f47cfe8ac3a86>@@AEAV<lambda_4e60a939b0d047cfe11ddc22648dfba9>@@$$QEAV<lambda_332c3edc96d0294ec56c57d38c1cdfd5>@@@Z@4HA 0000000180016c0c     libucrt:onexit.obj
 0004:00000c0c       $pdata$?fin$0@?0???$?RV<lambda_72d1df2b273a38828b1ce30cbf4cdab5>@@AEAV<lambda_876a65b173b8412d3a47c70a915b0cf4>@@V<lambda_41932305e351933ebe8f8be3ed8bb5dc>@@@?$__crt_seh_guarded_call@X@@QEAAX$$QEAV<lambda_72d1df2b273a38828b1ce30cbf4cdab5>@@AEAV<lambda_876a65b173b8412d3a47c70a915b0cf4>@@$$QEAV<lambda_41932305e351933ebe8f8be3ed8bb5dc>@@@Z@4HA 0000000180016c0c     libucrt:per_thread_data.obj
 0004:00000c0c       $pdata$?fin$0@?0???$?RV<lambda_fb3a7dec4e47f37f22dae91bb15c9095>@@AEAV<lambda_698284760c8add0bfb0756c19673e34b>@@V<lambda_dfb8eca1e75fef3034a8fb18dd509707>@@@?$__crt_seh_guarded_call@X@@QEAAX$$QEAV<lambda_fb3a7dec4e47f37f22dae91bb15c9095>@@AEAV<lambda_698284760c8add0bfb0756c19673e34b>@@$$QEAV<lambda_dfb8eca1e75fef3034a8fb18dd509707>@@@Z@4HA 0000000180016c0c     libucrt:per_thread_data.obj
 0004:00000c0c       $pdata$?fin$0@?0???$?RV<lambda_46352004c1216016012b18bd6f87e700>@@AEAV<lambda_3bd07e1a1191394380780325891bf33f>@@V<lambda_334532d3f185bcaa59b5be82d7d22bff>@@@?$__crt_seh_guarded_call@X@@QEAAX$$QEAV<lambda_46352004c1216016012b18bd6f87e700>@@AEAV<lambda_3bd07e1a1191394380780325891bf33f>@@$$QEAV<lambda_334532d3f185bcaa59b5be82d7d22bff>@@@Z@4HA 0000000180016c0c     libucrt:per_thread_data.obj
 0004:00000c0c       $pdata$?fin$0@?0???$?RV<lambda_5e887d1dcbef67a5eb4283622ba103bf>@@AEAV<lambda_4466841279450cc726390878d4a41900>@@V<lambda_341c25c0346d94847f1f3c463c57e077>@@@?$__crt_seh_guarded_call@X@@QEAAX$$QEAV<lambda_5e887d1dcbef67a5eb4283622ba103bf>@@AEAV<lambda_4466841279450cc726390878d4a41900>@@$$QEAV<lambda_341c25c0346d94847f1f3c463c57e077>@@@Z@4HA 0000000180016c0c     libucrt:per_thread_data.obj
 0004:00000c0c       $pdata$?fin$0@?0???$?RV<lambda_99476a1ad63dd22509b5d3e65b0ffc95>@@AEAV<lambda_ad1ced32f4ac17aa236e5ef05d6b3b7c>@@V<lambda_f7424dd8d45958661754dc4f2697e9c3>@@@?$__crt_seh_guarded_call@X@@QEAAX$$QEAV<lambda_99476a1ad63dd22509b5d3e65b0ffc95>@@AEAV<lambda_ad1ced32f4ac17aa236e5ef05d6b3b7c>@@$$QEAV<lambda_f7424dd8d45958661754dc4f2697e9c3>@@@Z@4HA 0000000180016c0c     libucrt:mbctype.obj
 0004:00000c18       $pdata$__acrt_update_thread_multibyte_data$fin$0 0000000180016c18     libucrt:mbctype.obj
 0004:00000c24       $pdata$__acrt_initialize_lowio$fin$0 0000000180016c24     libucrt:ioinit.obj
 0004:00000c24       $pdata$__acrt_lowio_ensure_fh_exists$fin$0 0000000180016c24     libucrt:osfinfo.obj
 0004:00000c30       $pdata$_query_new_handler$fin$0 0000000180016c30     libucrt:new_handler.obj
 0004:00000c3c       $pdata$raise$fin$0         0000000180016c3c     libucrt:signal.obj
 0004:00000c48       $pdata$__acrt_update_thread_locale_data$fin$0 0000000180016c48     libucrt:locale_refcounting.obj
 0004:00000c48       $pdata$__acrt_uninitialize_locale$fin$0 0000000180016c48     libucrt:wsetlocale.obj
 0004:00000c54       $pdata$common_flush_all$fin$0 0000000180016c54     libucrt:fflush.obj
 0004:00000c60       $pdata$common_flush_all$fin$1 0000000180016c60     libucrt:fflush.obj
 0004:00000c6c       $pdata$_fcloseall$fin$0    0000000180016c6c     libucrt:closeall.obj
 0004:00000c78       $pdata$_write$fin$0        0000000180016c78     libucrt:write.obj
 0004:00000c84       $pdata$fclose$fin$0        0000000180016c84     libucrt:fclose.obj
 0004:00000c90       $pdata$?fin$0@?0???$?RV<lambda_bfedae4ebbf01fab1bb6dcc6a9e276e0>@@AEAV<lambda_2fe9b910cf3cbf4a0ab98a02ba45b3ec>@@V<lambda_237c231691f317818eb88cc1d5d642d6>@@@?$__crt_seh_guarded_call@H@@QEAAH$$QEAV<lambda_bfedae4ebbf01fab1bb6dcc6a9e276e0>@@AEAV<lambda_2fe9b910cf3cbf4a0ab98a02ba45b3ec>@@$$QEAV<lambda_237c231691f317818eb88cc1d5d642d6>@@@Z@4HA 0000000180016c90     libucrt:close.obj
 0004:00000c90       $pdata$?fin$0@?0???$?RV<lambda_b521505b218e5242e90febf6bfebc422>@@AEAV<lambda_6978c1fb23f02e42e1d9e99668cc68aa>@@V<lambda_314360699dd331753a4119843814e9a7>@@@?$__crt_seh_guarded_call@H@@QEAAH$$QEAV<lambda_b521505b218e5242e90febf6bfebc422>@@AEAV<lambda_6978c1fb23f02e42e1d9e99668cc68aa>@@$$QEAV<lambda_314360699dd331753a4119843814e9a7>@@@Z@4HA 0000000180016c90     libucrt:commit.obj
 0004:00000c9c       $pdata$_ctrlfp$filt$0      0000000180016c9c     libucrt:fpctrl.obj
 0004:00000ca8       $pdata$_IsNonwritableInCurrentImage$filt$0 0000000180016ca8     LIBCMT:pesect.obj
 0005:00000060       $R000000                   0000000180017060     * linker generated manifest res *

 Exports

  ordinal    name

        1    _register_my_extension_
